[32m[2025-11-11 17:00:55.520] INFO   [0m [command.cpp:2207] barrier_readwrite: direct recording applied memory barrier to buffer 0x15968be30
[32m[2025-11-11 17:00:55.521] INFO   [0m [command.cpp:2257] barrier_readwrite: direct recording applied memory barrier to image 0x15968c4e0
[32m[2025-11-11 17:00:55.521] INFO   [0m [command.cpp:2266] barrier_readwrite: direct recording applied memory barrier to image 0x15968c4e0
[32m[2025-11-11 17:00:55.521] INFO   [0m [command.cpp:1989] submit_and_wait: Vulkan command submitted successfully
[32m[2025-11-11 17:00:56.720] INFO   [0m [command.cpp:351] record_upload: uploading buffer data to VkCompute
[32m[2025-11-11 17:00:56.738] INFO   [0m [command.cpp:2207] barrier_readwrite: direct recording applied memory barrier to buffer 0x15a8a5370
[32m[2025-11-11 17:00:56.738] INFO   [0m [command.cpp:2207] barrier_readwrite: direct recording applied memory barrier to buffer 0x15a8a5370
[32m[2025-11-11 17:00:56.738] INFO   [0m [command.cpp:2207] barrier_readwrite: direct recording applied memory barrier to buffer 0x15a8c2170
[32m[2025-11-11 17:00:56.738] INFO   [0m [command.cpp:2207] barrier_readwrite: direct recording applied memory barrier to buffer 0x15a8c2170
[32m[2025-11-11 17:00:56.738] INFO   [0m [command.cpp:1360] record_pipeline: direct recording bind pipeline completed, pipeline=0x15a90f120 buffers=4 images=0 constants=3 dispatcher=12883x3x0
[32m[2025-11-11 17:00:56.738] INFO   [0m [command.cpp:1537] record_pipeline: direct recording updated 4 descriptor bindings
[32m[2025-11-11 17:00:56.738] INFO   [0m [command.cpp:1564] record_pipeline: direct recording pushed 3 push constants
[32m[2025-11-11 17:00:56.738] INFO   [0m [command.cpp:1591] record_pipeline: direct recording completed successfully, pipeline=0x15971f830 buffers=4 images=0 constants=3 dispatcher=12883x3x1
[32m[2025-11-11 17:00:56.739] INFO   [0m [command.cpp:2207] barrier_readwrite: direct recording applied memory barrier to buffer 0x15a8c2170
[32m[2025-11-11 17:00:56.739] INFO   [0m [command.cpp:2207] barrier_readwrite: direct recording applied memory barrier to buffer 0x15a8c2170
[32m[2025-11-11 17:00:56.739] INFO   [0m [command.cpp:1360] record_pipeline: direct recording bind pipeline completed, pipeline=0x13b81f530 buffers=4 images=0 constants=8 dispatcher=3193x16x0
[32m[2025-11-11 17:00:56.739] INFO   [0m [command.cpp:1537] record_pipeline: direct recording updated 4 descriptor bindings
[32m[2025-11-11 17:00:56.739] INFO   [0m [command.cpp:1564] record_pipeline: direct recording pushed 8 push constants
[32m[2025-11-11 17:00:56.739] INFO   [0m [command.cpp:1591] record_pipeline: direct recording completed successfully, pipeline=0x13b81eba0 buffers=4 images=0 constants=8 dispatcher=3193x16x1
[32m[2025-11-11 17:00:56.739] INFO   [0m [command.cpp:2207] barrier_readwrite: direct recording applied memory barrier to buffer 0x15a8c2170
[32m[2025-11-11 17:00:56.739] INFO   [0m [command.cpp:1360] record_pipeline: direct recording bind pipeline completed, pipeline=0x13b83fee0 buffers=1 images=0 constants=1 dispatcher=204320x1x0
[32m[2025-11-11 17:00:56.739] INFO   [0m [command.cpp:1537] record_pipeline: direct recording updated 1 descriptor bindings
[32m[2025-11-11 17:00:56.739] INFO   [0m [command.cpp:1564] record_pipeline: direct recording pushed 1 push constants
[32m[2025-11-11 17:00:56.739] INFO   [0m [command.cpp:1591] record_pipeline: direct recording completed successfully, pipeline=0x1596947a0 buffers=1 images=0 constants=1 dispatcher=204320x1x1
[32m[2025-11-11 17:00:56.739] INFO   [0m [command.cpp:2207] barrier_readwrite: direct recording applied memory barrier to buffer 0x15a8c2170
[32m[2025-11-11 17:00:56.739] INFO   [0m [command.cpp:2207] barrier_readwrite: direct recording applied memory barrier to buffer 0x15a8c2170
[32m[2025-11-11 17:00:56.739] INFO   [0m [command.cpp:1360] record_pipeline: direct recording bind pipeline completed, pipeline=0x15a835a00 buffers=2 images=0 constants=12 dispatcher=56x56x1
[32m[2025-11-11 17:00:56.739] INFO   [0m [command.cpp:1537] record_pipeline: direct recording updated 2 descriptor bindings
[32m[2025-11-11 17:00:56.739] INFO   [0m [command.cpp:1564] record_pipeline: direct recording pushed 12 push constants
[32m[2025-11-11 17:00:56.739] INFO   [0m [command.cpp:1591] record_pipeline: direct recording completed successfully, pipeline=0x13b820dc0 buffers=2 images=0 constants=12 dispatcher=56x56x16
[32m[2025-11-11 17:00:56.739] INFO   [0m [command.cpp:2207] barrier_readwrite: direct recording applied memory barrier to buffer 0x15a8c2170
[32m[2025-11-11 17:00:56.739] INFO   [0m [command.cpp:2207] barrier_readwrite: direct recording applied memory barrier to buffer 0x15a8c2170
[32m[2025-11-11 17:00:56.739] INFO   [0m [command.cpp:1360] record_pipeline: direct recording bind pipeline completed, pipeline=0x15a907310 buffers=4 images=0 constants=8 dispatcher=784x4x0
[32m[2025-11-11 17:00:56.739] INFO   [0m [command.cpp:1537] record_pipeline: direct recording updated 4 descriptor bindings
[32m[2025-11-11 17:00:56.739] INFO   [0m [command.cpp:1564] record_pipeline: direct recording pushed 8 push constants
[32m[2025-11-11 17:00:56.739] INFO   [0m [command.cpp:1591] record_pipeline: direct recording completed successfully, pipeline=0x15a838930 buffers=4 images=0 constants=8 dispatcher=784x4x1
[32m[2025-11-11 17:00:56.739] INFO   [0m [command.cpp:2207] barrier_readwrite: direct recording applied memory barrier to buffer 0x15a8c2170
[32m[2025-11-11 17:00:56.739] INFO   [0m [command.cpp:1360] record_pipeline: direct recording bind pipeline completed, pipeline=0x13b83fee0 buffers=1 images=0 constants=1 dispatcher=12544x1x0
[32m[2025-11-11 17:00:56.739] INFO   [0m [command.cpp:1537] record_pipeline: direct recording updated 1 descriptor bindings
[32m[2025-11-11 17:00:56.739] INFO   [0m [command.cpp:1564] record_pipeline: direct recording pushed 1 push constants
[32m[2025-11-11 17:00:56.739] INFO   [0m [command.cpp:1591] record_pipeline: direct recording completed successfully, pipeline=0x13b843650 buffers=1 images=0 constants=1 dispatcher=12544x1x1
[32m[2025-11-11 17:00:56.739] INFO   [0m [command.cpp:2207] barrier_readwrite: direct recording applied memory barrier to buffer 0x15a8c2170
[32m[2025-11-11 17:00:56.739] INFO   [0m [command.cpp:2207] barrier_readwrite: direct recording applied memory barrier to buffer 0x15a8c2170
[32m[2025-11-11 17:00:56.739] INFO   [0m [command.cpp:1360] record_pipeline: direct recording bind pipeline completed, pipeline=0x15a83aa70 buffers=4 images=0 constants=8 dispatcher=784x16x0
[32m[2025-11-11 17:00:56.739] INFO   [0m [command.cpp:1537] record_pipeline: direct recording updated 4 descriptor bindings
[32m[2025-11-11 17:00:56.739] INFO   [0m [command.cpp:1564] record_pipeline: direct recording pushed 8 push constants
[32m[2025-11-11 17:00:56.739] INFO   [0m [command.cpp:1591] record_pipeline: direct recording completed successfully, pipeline=0x15a836820 buffers=4 images=0 constants=8 dispatcher=784x16x1
[32m[2025-11-11 17:00:56.739] INFO   [0m [command.cpp:2207] barrier_readwrite: direct recording applied memory barrier to buffer 0x15a8c2170
[32m[2025-11-11 17:00:56.739] INFO   [0m [command.cpp:1360] record_pipeline: direct recording bind pipeline completed, pipeline=0x13b83fee0 buffers=1 images=0 constants=1 dispatcher=50176x1x0
[32m[2025-11-11 17:00:56.739] INFO   [0m [command.cpp:1537] record_pipeline: direct recording updated 1 descriptor bindings
[32m[2025-11-11 17:00:56.739] INFO   [0m [command.cpp:1564] record_pipeline: direct recording pushed 1 push constants
[32m[2025-11-11 17:00:56.739] INFO   [0m [command.cpp:1591] record_pipeline: direct recording completed successfully, pipeline=0x15a83cb00 buffers=1 images=0 constants=1 dispatcher=50176x1x1
[32m[2025-11-11 17:00:56.739] INFO   [0m [command.cpp:2207] barrier_readwrite: direct recording applied memory barrier to buffer 0x15a8c2170
[32m[2025-11-11 17:00:56.739] INFO   [0m [command.cpp:2207] barrier_readwrite: direct recording applied memory barrier to buffer 0x15a8c2170
[32m[2025-11-11 17:00:56.739] INFO   [0m [command.cpp:2207] barrier_readwrite: direct recording applied memory barrier to buffer 0x15968be30
[32m[2025-11-11 17:00:56.739] INFO   [0m [command.cpp:1360] record_pipeline: direct recording bind pipeline completed, pipeline=0x15a904a20 buffers=3 images=0 constants=13 dispatcher=58x58x1
[32m[2025-11-11 17:00:56.739] INFO   [0m [command.cpp:1537] record_pipeline: direct recording updated 3 descriptor bindings
[32m[2025-11-11 17:00:56.739] INFO   [0m [command.cpp:1564] record_pipeline: direct recording pushed 13 push constants
[32m[2025-11-11 17:00:56.739] INFO   [0m [command.cpp:1591] record_pipeline: direct recording completed successfully, pipeline=0x13b843de0 buffers=3 images=0 constants=13 dispatcher=58x58x4
[32m[2025-11-11 17:00:56.739] INFO   [0m [command.cpp:2207] barrier_readwrite: direct recording applied memory barrier to buffer 0x15a8c2170
[32m[2025-11-11 17:00:56.739] INFO   [0m [command.cpp:2207] barrier_readwrite: direct recording applied memory barrier to buffer 0x15a8c2170
[32m[2025-11-11 17:00:56.739] INFO   [0m [command.cpp:1360] record_pipeline: direct recording bind pipeline completed, pipeline=0x15a83cf60 buffers=2 images=0 constants=6 dispatcher=14x14x0
[32m[2025-11-11 17:00:56.739] INFO   [0m [command.cpp:1537] record_pipeline: direct recording updated 2 descriptor bindings
[32m[2025-11-11 17:00:56.739] INFO   [0m [command.cpp:1564] record_pipeline: direct recording pushed 6 push constants
[32m[2025-11-11 17:00:56.739] INFO   [0m [command.cpp:1591] record_pipeline: direct recording completed successfully, pipeline=0x13b8446a0 buffers=2 images=0 constants=6 dispatcher=14x14x4
[32m[2025-11-11 17:00:56.739] INFO   [0m [command.cpp:2207] barrier_readwrite: direct recording applied memory barrier to buffer 0x15a8c2170
[32m[2025-11-11 17:00:56.739] INFO   [0m [command.cpp:2207] barrier_readwrite: direct recording applied memory barrier to buffer 0x15a8c2170
[32m[2025-11-11 17:00:56.739] INFO   [0m [command.cpp:1360] record_pipeline: direct recording bind pipeline completed, pipeline=0x13b8452a0 buffers=3 images=0 constants=3 dispatcher=49x16x0
[32m[2025-11-11 17:00:56.739] INFO   [0m [command.cpp:1537] record_pipeline: direct recording updated 3 descriptor bindings
[32m[2025-11-11 17:00:56.739] INFO   [0m [command.cpp:1564] record_pipeline: direct recording pushed 3 push constants
[32m[2025-11-11 17:00:56.739] INFO   [0m [command.cpp:1591] record_pipeline: direct recording completed successfully, pipeline=0x13b846250 buffers=3 images=0 constants=3 dispatcher=49x16x36
[32m[2025-11-11 17:00:56.740] INFO   [0m [command.cpp:2207] barrier_readwrite: direct recording applied memory barrier to buffer 0x15a8c2170
[32m[2025-11-11 17:00:56.740] INFO   [0m [command.cpp:2207] barrier_readwrite: direct recording applied memory barrier to buffer 0x15a8c2170
[32m[2025-11-11 17:00:56.740] INFO   [0m [command.cpp:1360] record_pipeline: direct recording bind pipeline completed, pipeline=0x15a899290 buffers=3 images=0 constants=6 dispatcher=14x14x0
[32m[2025-11-11 17:00:56.740] INFO   [0m [command.cpp:1537] record_pipeline: direct recording updated 3 descriptor bindings
[32m[2025-11-11 17:00:56.740] INFO   [0m [command.cpp:1564] record_pipeline: direct recording pushed 6 push constants
[32m[2025-11-11 17:00:56.740] INFO   [0m [command.cpp:1591] record_pipeline: direct recording completed successfully, pipeline=0x15970de10 buffers=3 images=0 constants=6 dispatcher=14x14x16
[32m[2025-11-11 17:00:56.740] INFO   [0m [command.cpp:2207] barrier_readwrite: direct recording applied memory barrier to buffer 0x15a8c2170
[32m[2025-11-11 17:00:56.740] INFO   [0m [command.cpp:1360] record_pipeline: direct recording bind pipeline completed, pipeline=0x13b83fee0 buffers=1 images=0 constants=1 dispatcher=50176x1x0
[32m[2025-11-11 17:00:56.740] INFO   [0m [command.cpp:1537] record_pipeline: direct recording updated 1 descriptor bindings
[32m[2025-11-11 17:00:56.740] INFO   [0m [command.cpp:1564] record_pipeline: direct recording pushed 1 push constants
[32m[2025-11-11 17:00:56.740] INFO   [0m [command.cpp:1591] record_pipeline: direct recording completed successfully, pipeline=0x13b848220 buffers=1 images=0 constants=1 dispatcher=50176x1x1
[32m[2025-11-11 17:00:56.740] INFO   [0m [command.cpp:2207] barrier_readwrite: direct recording applied memory barrier to buffer 0x15a8c2170
[32m[2025-11-11 17:00:56.740] INFO   [0m [command.cpp:2207] barrier_readwrite: direct recording applied memory barrier to buffer 0x15a8c2170
[32m[2025-11-11 17:00:56.740] INFO   [0m [command.cpp:1360] record_pipeline: direct recording bind pipeline completed, pipeline=0x15a89e050 buffers=2 images=0 constants=13 dispatcher=56x56x1
[32m[2025-11-11 17:00:56.740] INFO   [0m [command.cpp:1537] record_pipeline: direct recording updated 2 descriptor bindings
[32m[2025-11-11 17:00:56.740] INFO   [0m [command.cpp:1564] record_pipeline: direct recording pushed 13 push constants
[32m[2025-11-11 17:00:56.740] INFO   [0m [command.cpp:1591] record_pipeline: direct recording completed successfully, pipeline=0x15a89e7b0 buffers=2 images=0 constants=13 dispatcher=56x56x16
[32m[2025-11-11 17:00:56.740] INFO   [0m [command.cpp:2207] barrier_readwrite: direct recording applied memory barrier to buffer 0x15a8c2170
[32m[2025-11-11 17:00:56.740] INFO   [0m [command.cpp:2207] barrier_readwrite: direct recording applied memory barrier to buffer 0x15a8c2170
[32m[2025-11-11 17:00:56.740] INFO   [0m [command.cpp:1360] record_pipeline: direct recording bind pipeline completed, pipeline=0x15a89e050 buffers=2 images=0 constants=13 dispatcher=56x56x1
[32m[2025-11-11 17:00:56.740] INFO   [0m [command.cpp:1537] record_pipeline: direct recording updated 2 descriptor bindings
[32m[2025-11-11 17:00:56.740] INFO   [0m [command.cpp:1564] record_pipeline: direct recording pushed 13 push constants
[32m[2025-11-11 17:00:56.740] INFO   [0m [command.cpp:1591] record_pipeline: direct recording completed successfully, pipeline=0x15970dd20 buffers=2 images=0 constants=13 dispatcher=56x56x16
[32m[2025-11-11 17:00:56.740] INFO   [0m [command.cpp:2207] barrier_readwrite: direct recording applied memory barrier to buffer 0x15a8c2170
[32m[2025-11-11 17:00:56.740] INFO   [0m [command.cpp:2207] barrier_readwrite: direct recording applied memory barrier to buffer 0x15a8c2170
[32m[2025-11-11 17:00:56.740] INFO   [0m [command.cpp:1360] record_pipeline: direct recording bind pipeline completed, pipeline=0x15a907310 buffers=4 images=0 constants=8 dispatcher=784x4x0
[32m[2025-11-11 17:00:56.740] INFO   [0m [command.cpp:1537] record_pipeline: direct recording updated 4 descriptor bindings
[32m[2025-11-11 17:00:56.740] INFO   [0m [command.cpp:1564] record_pipeline: direct recording pushed 8 push constants
[32m[2025-11-11 17:00:56.740] INFO   [0m [command.cpp:1591] record_pipeline: direct recording completed successfully, pipeline=0x15a89f4c0 buffers=4 images=0 constants=8 dispatcher=784x4x1
[32m[2025-11-11 17:00:56.740] INFO   [0m [command.cpp:2207] barrier_readwrite: direct recording applied memory barrier to buffer 0x15a8c2170
[32m[2025-11-11 17:00:56.740] INFO   [0m [command.cpp:1360] record_pipeline: direct recording bind pipeline completed, pipeline=0x13b83fee0 buffers=1 images=0 constants=1 dispatcher=12544x1x0
[32m[2025-11-11 17:00:56.740] INFO   [0m [command.cpp:1537] record_pipeline: direct recording updated 1 descriptor bindings
[32m[2025-11-11 17:00:56.740] INFO   [0m [command.cpp:1564] record_pipeline: direct recording pushed 1 push constants
[32m[2025-11-11 17:00:56.740] INFO   [0m [command.cpp:1591] record_pipeline: direct recording completed successfully, pipeline=0x15a89f920 buffers=1 images=0 constants=1 dispatcher=12544x1x1
[32m[2025-11-11 17:00:56.740] INFO   [0m [command.cpp:2207] barrier_readwrite: direct recording applied memory barrier to buffer 0x15a8c2170
[32m[2025-11-11 17:00:56.740] INFO   [0m [command.cpp:2207] barrier_readwrite: direct recording applied memory barrier to buffer 0x15a8c2170
[32m[2025-11-11 17:00:56.740] INFO   [0m [command.cpp:1360] record_pipeline: direct recording bind pipeline completed, pipeline=0x15a83aa70 buffers=4 images=0 constants=8 dispatcher=784x16x0
[32m[2025-11-11 17:00:56.740] INFO   [0m [command.cpp:1537] record_pipeline: direct recording updated 4 descriptor bindings
[32m[2025-11-11 17:00:56.740] INFO   [0m [command.cpp:1564] record_pipeline: direct recording pushed 8 push constants
[32m[2025-11-11 17:00:56.740] INFO   [0m [command.cpp:1591] record_pipeline: direct recording completed successfully, pipeline=0x15a8a2a60 buffers=4 images=0 constants=8 dispatcher=784x16x1
[32m[2025-11-11 17:00:56.740] INFO   [0m [command.cpp:2207] barrier_readwrite: direct recording applied memory barrier to buffer 0x15a8c2170
[32m[2025-11-11 17:00:56.740] INFO   [0m [command.cpp:1360] record_pipeline: direct recording bind pipeline completed, pipeline=0x13b83fee0 buffers=1 images=0 constants=1 dispatcher=50176x1x0
[32m[2025-11-11 17:00:56.740] INFO   [0m [command.cpp:1537] record_pipeline: direct recording updated 1 descriptor bindings
[32m[2025-11-11 17:00:56.740] INFO   [0m [command.cpp:1564] record_pipeline: direct recording pushed 1 push constants
[32m[2025-11-11 17:00:56.740] INFO   [0m [command.cpp:1591] record_pipeline: direct recording completed successfully, pipeline=0x15a8a2050 buffers=1 images=0 constants=1 dispatcher=50176x1x1
[32m[2025-11-11 17:00:56.740] INFO   [0m [command.cpp:2207] barrier_readwrite: direct recording applied memory barrier to buffer 0x15a8c2170
[32m[2025-11-11 17:00:56.740] INFO   [0m [command.cpp:2207] barrier_readwrite: direct recording applied memory barrier to buffer 0x15a8c2170
[32m[2025-11-11 17:00:56.740] INFO   [0m [command.cpp:2207] barrier_readwrite: direct recording applied memory barrier to buffer 0x15968be30
[32m[2025-11-11 17:00:56.740] INFO   [0m [command.cpp:1360] record_pipeline: direct recording bind pipeline completed, pipeline=0x15a904a20 buffers=3 images=0 constants=13 dispatcher=58x58x1
[32m[2025-11-11 17:00:56.740] INFO   [0m [command.cpp:1537] record_pipeline: direct recording updated 3 descriptor bindings
[32m[2025-11-11 17:00:56.740] INFO   [0m [command.cpp:1564] record_pipeline: direct recording pushed 13 push constants
[32m[2025-11-11 17:00:56.740] INFO   [0m [command.cpp:1591] record_pipeline: direct recording completed successfully, pipeline=0x15a8a3130 buffers=3 images=0 constants=13 dispatcher=58x58x4
[32m[2025-11-11 17:00:56.740] INFO   [0m [command.cpp:2207] barrier_readwrite: direct recording applied memory barrier to buffer 0x15a8c2170
[32m[2025-11-11 17:00:56.740] INFO   [0m [command.cpp:2207] barrier_readwrite: direct recording applied memory barrier to buffer 0x15a8c2170
[32m[2025-11-11 17:00:56.740] INFO   [0m [command.cpp:1360] record_pipeline: direct recording bind pipeline completed, pipeline=0x15a83cf60 buffers=2 images=0 constants=6 dispatcher=14x14x0
[32m[2025-11-11 17:00:56.740] INFO   [0m [command.cpp:1537] record_pipeline: direct recording updated 2 descriptor bindings
[32m[2025-11-11 17:00:56.740] INFO   [0m [command.cpp:1564] record_pipeline: direct recording pushed 6 push constants
[32m[2025-11-11 17:00:56.740] INFO   [0m [command.cpp:1591] record_pipeline: direct recording completed successfully, pipeline=0x15a8a2fb0 buffers=2 images=0 constants=6 dispatcher=14x14x4
[32m[2025-11-11 17:00:56.740] INFO   [0m [command.cpp:2207] barrier_readwrite: direct recording applied memory barrier to buffer 0x15a8c2170
[32m[2025-11-11 17:00:56.740] INFO   [0m [command.cpp:2207] barrier_readwrite: direct recording applied memory barrier to buffer 0x15a8c2170
[32m[2025-11-11 17:00:56.740] INFO   [0m [command.cpp:1360] record_pipeline: direct recording bind pipeline completed, pipeline=0x13b8452a0 buffers=3 images=0 constants=3 dispatcher=49x16x0
[32m[2025-11-11 17:00:56.740] INFO   [0m [command.cpp:1537] record_pipeline: direct recording updated 3 descriptor bindings
[32m[2025-11-11 17:00:56.740] INFO   [0m [command.cpp:1564] record_pipeline: direct recording pushed 3 push constants
[32m[2025-11-11 17:00:56.740] INFO   [0m [command.cpp:1591] record_pipeline: direct recording completed successfully, pipeline=0x15a8a2fd0 buffers=3 images=0 constants=3 dispatcher=49x16x36
[32m[2025-11-11 17:00:56.740] INFO   [0m [command.cpp:2207] barrier_readwrite: direct recording applied memory barrier to buffer 0x15a8c2170
[32m[2025-11-11 17:00:56.740] INFO   [0m [command.cpp:2207] barrier_readwrite: direct recording applied memory barrier to buffer 0x15a8c2170
[32m[2025-11-11 17:00:56.740] INFO   [0m [command.cpp:1360] record_pipeline: direct recording bind pipeline completed, pipeline=0x15a899290 buffers=3 images=0 constants=6 dispatcher=14x14x0
[32m[2025-11-11 17:00:56.740] INFO   [0m [command.cpp:1537] record_pipeline: direct recording updated 3 descriptor bindings
[32m[2025-11-11 17:00:56.740] INFO   [0m [command.cpp:1564] record_pipeline: direct recording pushed 6 push constants
[32m[2025-11-11 17:00:56.740] INFO   [0m [command.cpp:1591] record_pipeline: direct recording completed successfully, pipeline=0x15a8a1060 buffers=3 images=0 constants=6 dispatcher=14x14x16
[32m[2025-11-11 17:00:56.740] INFO   [0m [command.cpp:2207] barrier_readwrite: direct recording applied memory barrier to buffer 0x15a8c2170
[32m[2025-11-11 17:00:56.740] INFO   [0m [command.cpp:1360] record_pipeline: direct recording bind pipeline completed, pipeline=0x13b83fee0 buffers=1 images=0 constants=1 dispatcher=50176x1x0
[32m[2025-11-11 17:00:56.740] INFO   [0m [command.cpp:1537] record_pipeline: direct recording updated 1 descriptor bindings
[32m[2025-11-11 17:00:56.740] INFO   [0m [command.cpp:1564] record_pipeline: direct recording pushed 1 push constants
[32m[2025-11-11 17:00:56.740] INFO   [0m [command.cpp:1591] record_pipeline: direct recording completed successfully, pipeline=0x15a8a2f90 buffers=1 images=0 constants=1 dispatcher=50176x1x1
[32m[2025-11-11 17:00:56.740] INFO   [0m [command.cpp:2207] barrier_readwrite: direct recording applied memory barrier to buffer 0x15a8c2170
[32m[2025-11-11 17:00:56.740] INFO   [0m [command.cpp:2207] barrier_readwrite: direct recording applied memory barrier to buffer 0x15a8c2170
[32m[2025-11-11 17:00:56.740] INFO   [0m [command.cpp:1360] record_pipeline: direct recording bind pipeline completed, pipeline=0x15a89e050 buffers=2 images=0 constants=13 dispatcher=56x56x1
[32m[2025-11-11 17:00:56.740] INFO   [0m [command.cpp:1537] record_pipeline: direct recording updated 2 descriptor bindings
[32m[2025-11-11 17:00:56.740] INFO   [0m [command.cpp:1564] record_pipeline: direct recording pushed 13 push constants
[32m[2025-11-11 17:00:56.740] INFO   [0m [command.cpp:1591] record_pipeline: direct recording completed successfully, pipeline=0x15a8a3aa0 buffers=2 images=0 constants=13 dispatcher=56x56x16
[32m[2025-11-11 17:00:56.740] INFO   [0m [command.cpp:2207] barrier_readwrite: direct recording applied memory barrier to buffer 0x15a8c2170
[32m[2025-11-11 17:00:56.740] INFO   [0m [command.cpp:2207] barrier_readwrite: direct recording applied memory barrier to buffer 0x15a8c2170
[32m[2025-11-11 17:00:56.740] INFO   [0m [command.cpp:1360] record_pipeline: direct recording bind pipeline completed, pipeline=0x15a89e050 buffers=2 images=0 constants=13 dispatcher=56x56x1
[32m[2025-11-11 17:00:56.740] INFO   [0m [command.cpp:1537] record_pipeline: direct recording updated 2 descriptor bindings
[32m[2025-11-11 17:00:56.740] INFO   [0m [command.cpp:1564] record_pipeline: direct recording pushed 13 push constants
[32m[2025-11-11 17:00:56.740] INFO   [0m [command.cpp:1591] record_pipeline: direct recording completed successfully, pipeline=0x15a8a3b60 buffers=2 images=0 constants=13 dispatcher=56x56x16
[32m[2025-11-11 17:00:56.740] INFO   [0m [command.cpp:2207] barrier_readwrite: direct recording applied memory barrier to buffer 0x15a8c2170
[32m[2025-11-11 17:00:56.740] INFO   [0m [command.cpp:2207] barrier_readwrite: direct recording applied memory barrier to buffer 0x15a8c2170
[32m[2025-11-11 17:00:56.740] INFO   [0m [command.cpp:2207] barrier_readwrite: direct recording applied memory barrier to buffer 0x15968be30
[32m[2025-11-11 17:00:56.740] INFO   [0m [command.cpp:1360] record_pipeline: direct recording bind pipeline completed, pipeline=0x15a833580 buffers=3 images=0 constants=13 dispatcher=57x57x1
[32m[2025-11-11 17:00:56.740] INFO   [0m [command.cpp:1537] record_pipeline: direct recording updated 3 descriptor bindings
[32m[2025-11-11 17:00:56.740] INFO   [0m [command.cpp:1564] record_pipeline: direct recording pushed 13 push constants
[32m[2025-11-11 17:00:56.740] INFO   [0m [command.cpp:1591] record_pipeline: direct recording completed successfully, pipeline=0x15a8a41b0 buffers=3 images=0 constants=13 dispatcher=57x57x32
[32m[2025-11-11 17:00:56.740] INFO   [0m [command.cpp:2207] barrier_readwrite: direct recording applied memory barrier to buffer 0x15a8c2170
[32m[2025-11-11 17:00:56.740] INFO   [0m [command.cpp:2207] barrier_readwrite: direct recording applied memory barrier to buffer 0x15a8c2170
[32m[2025-11-11 17:00:56.740] INFO   [0m [command.cpp:1360] record_pipeline: direct recording bind pipeline completed, pipeline=0x15a835a00 buffers=2 images=0 constants=12 dispatcher=28x28x1
[32m[2025-11-11 17:00:56.740] INFO   [0m [command.cpp:1537] record_pipeline: direct recording updated 2 descriptor bindings
[32m[2025-11-11 17:00:56.740] INFO   [0m [command.cpp:1564] record_pipeline: direct recording pushed 12 push constants
[32m[2025-11-11 17:00:56.740] INFO   [0m [command.cpp:1591] record_pipeline: direct recording completed successfully, pipeline=0x15a8a4010 buffers=2 images=0 constants=12 dispatcher=28x28x32
[32m[2025-11-11 17:00:56.740] INFO   [0m [command.cpp:2207] barrier_readwrite: direct recording applied memory barrier to buffer 0x15a8c2170
[32m[2025-11-11 17:00:56.740] INFO   [0m [command.cpp:2207] barrier_readwrite: direct recording applied memory barrier to buffer 0x15a8c2170
[32m[2025-11-11 17:00:56.740] INFO   [0m [command.cpp:1360] record_pipeline: direct recording bind pipeline completed, pipeline=0x15a83aa70 buffers=4 images=0 constants=8 dispatcher=196x8x0
[32m[2025-11-11 17:00:56.740] INFO   [0m [command.cpp:1537] record_pipeline: direct recording updated 4 descriptor bindings
[32m[2025-11-11 17:00:56.740] INFO   [0m [command.cpp:1564] record_pipeline: direct recording pushed 8 push constants
[32m[2025-11-11 17:00:56.740] INFO   [0m [command.cpp:1591] record_pipeline: direct recording completed successfully, pipeline=0x15a8a5180 buffers=4 images=0 constants=8 dispatcher=196x8x1
[32m[2025-11-11 17:00:56.740] INFO   [0m [command.cpp:2207] barrier_readwrite: direct recording applied memory barrier to buffer 0x15a8c2170
[32m[2025-11-11 17:00:56.740] INFO   [0m [command.cpp:1360] record_pipeline: direct recording bind pipeline completed, pipeline=0x13b83fee0 buffers=1 images=0 constants=1 dispatcher=6272x1x0
[32m[2025-11-11 17:00:56.740] INFO   [0m [command.cpp:1537] record_pipeline: direct recording updated 1 descriptor bindings
[32m[2025-11-11 17:00:56.740] INFO   [0m [command.cpp:1564] record_pipeline: direct recording pushed 1 push constants
[32m[2025-11-11 17:00:56.740] INFO   [0m [command.cpp:1591] record_pipeline: direct recording completed successfully, pipeline=0x15a8a3900 buffers=1 images=0 constants=1 dispatcher=6272x1x1
[32m[2025-11-11 17:00:56.740] INFO   [0m [command.cpp:2207] barrier_readwrite: direct recording applied memory barrier to buffer 0x15a8c2170
[32m[2025-11-11 17:00:56.740] INFO   [0m [command.cpp:2207] barrier_readwrite: direct recording applied memory barrier to buffer 0x15a8c2170
[32m[2025-11-11 17:00:56.740] INFO   [0m [command.cpp:1360] record_pipeline: direct recording bind pipeline completed, pipeline=0x15a83aa70 buffers=4 images=0 constants=8 dispatcher=196x32x0
[32m[2025-11-11 17:00:56.740] INFO   [0m [command.cpp:1537] record_pipeline: direct recording updated 4 descriptor bindings
[32m[2025-11-11 17:00:56.740] INFO   [0m [command.cpp:1564] record_pipeline: direct recording pushed 8 push constants
[32m[2025-11-11 17:00:56.740] INFO   [0m [command.cpp:1591] record_pipeline: direct recording completed successfully, pipeline=0x15a8a6830 buffers=4 images=0 constants=8 dispatcher=196x32x1
[32m[2025-11-11 17:00:56.740] INFO   [0m [command.cpp:2207] barrier_readwrite: direct recording applied memory barrier to buffer 0x15a8c2170
[32m[2025-11-11 17:00:56.740] INFO   [0m [command.cpp:1360] record_pipeline: direct recording bind pipeline completed, pipeline=0x13b83fee0 buffers=1 images=0 constants=1 dispatcher=25088x1x0
[32m[2025-11-11 17:00:56.740] INFO   [0m [command.cpp:1537] record_pipeline: direct recording updated 1 descriptor bindings
[32m[2025-11-11 17:00:56.740] INFO   [0m [command.cpp:1564] record_pipeline: direct recording pushed 1 push constants
[32m[2025-11-11 17:00:56.740] INFO   [0m [command.cpp:1591] record_pipeline: direct recording completed successfully, pipeline=0x15a8a5e60 buffers=1 images=0 constants=1 dispatcher=25088x1x1
[32m[2025-11-11 17:00:56.740] INFO   [0m [command.cpp:2207] barrier_readwrite: direct recording applied memory barrier to buffer 0x15a8c2170
[32m[2025-11-11 17:00:56.740] INFO   [0m [command.cpp:2207] barrier_readwrite: direct recording applied memory barrier to buffer 0x15a8c2170
[32m[2025-11-11 17:00:56.740] INFO   [0m [command.cpp:2207] barrier_readwrite: direct recording applied memory barrier to buffer 0x15968be30
[32m[2025-11-11 17:00:56.740] INFO   [0m [command.cpp:1360] record_pipeline: direct recording bind pipeline completed, pipeline=0x15a904a20 buffers=3 images=0 constants=13 dispatcher=30x30x1
[32m[2025-11-11 17:00:56.740] INFO   [0m [command.cpp:1537] record_pipeline: direct recording updated 3 descriptor bindings
[32m[2025-11-11 17:00:56.740] INFO   [0m [command.cpp:1564] record_pipeline: direct recording pushed 13 push constants
[32m[2025-11-11 17:00:56.740] INFO   [0m [command.cpp:1591] record_pipeline: direct recording completed successfully, pipeline=0x13b84a870 buffers=3 images=0 constants=13 dispatcher=30x30x8
[32m[2025-11-11 17:00:56.740] INFO   [0m [command.cpp:2207] barrier_readwrite: direct recording applied memory barrier to buffer 0x15a8c2170
[32m[2025-11-11 17:00:56.740] INFO   [0m [command.cpp:2207] barrier_readwrite: direct recording applied memory barrier to buffer 0x15a8c2170
[32m[2025-11-11 17:00:56.740] INFO   [0m [command.cpp:1360] record_pipeline: direct recording bind pipeline completed, pipeline=0x15a909250 buffers=2 images=0 constants=6 dispatcher=7x7x0
[32m[2025-11-11 17:00:56.740] INFO   [0m [command.cpp:1537] record_pipeline: direct recording updated 2 descriptor bindings
[32m[2025-11-11 17:00:56.740] INFO   [0m [command.cpp:1564] record_pipeline: direct recording pushed 6 push constants
[32m[2025-11-11 17:00:56.740] INFO   [0m [command.cpp:1591] record_pipeline: direct recording completed successfully, pipeline=0x15a908940 buffers=2 images=0 constants=6 dispatcher=7x7x8
[32m[2025-11-11 17:00:56.740] INFO   [0m [command.cpp:2207] barrier_readwrite: direct recording applied memory barrier to buffer 0x15a8c2170
[32m[2025-11-11 17:00:56.740] INFO   [0m [command.cpp:2207] barrier_readwrite: direct recording applied memory barrier to buffer 0x15a8c2170
[32m[2025-11-11 17:00:56.740] INFO   [0m [command.cpp:1360] record_pipeline: direct recording bind pipeline completed, pipeline=0x159712c20 buffers=3 images=0 constants=3 dispatcher=13x32x0
[32m[2025-11-11 17:00:56.740] INFO   [0m [command.cpp:1537] record_pipeline: direct recording updated 3 descriptor bindings
[32m[2025-11-11 17:00:56.740] INFO   [0m [command.cpp:1564] record_pipeline: direct recording pushed 3 push constants
[32m[2025-11-11 17:00:56.740] INFO   [0m [command.cpp:1591] record_pipeline: direct recording completed successfully, pipeline=0x13b84bac0 buffers=3 images=0 constants=3 dispatcher=13x32x36
[32m[2025-11-11 17:00:56.740] INFO   [0m [command.cpp:2207] barrier_readwrite: direct recording applied memory barrier to buffer 0x15a8c2170
[32m[2025-11-11 17:00:56.740] INFO   [0m [command.cpp:2207] barrier_readwrite: direct recording applied memory barrier to buffer 0x15a8c2170
[32m[2025-11-11 17:00:56.740] INFO   [0m [command.cpp:1360] record_pipeline: direct recording bind pipeline completed, pipeline=0x15a8a72d0 buffers=3 images=0 constants=6 dispatcher=7x7x0
[32m[2025-11-11 17:00:56.740] INFO   [0m [command.cpp:1537] record_pipeline: direct recording updated 3 descriptor bindings
[32m[2025-11-11 17:00:56.740] INFO   [0m [command.cpp:1564] record_pipeline: direct recording pushed 6 push constants
[32m[2025-11-11 17:00:56.740] INFO   [0m [command.cpp:1591] record_pipeline: direct recording completed successfully, pipeline=0x13b84baa0 buffers=3 images=0 constants=6 dispatcher=7x7x32
[32m[2025-11-11 17:00:56.740] INFO   [0m [command.cpp:2207] barrier_readwrite: direct recording applied memory barrier to buffer 0x15a8c2170
[32m[2025-11-11 17:00:56.740] INFO   [0m [command.cpp:1360] record_pipeline: direct recording bind pipeline completed, pipeline=0x13b83fee0 buffers=1 images=0 constants=1 dispatcher=25088x1x0
[32m[2025-11-11 17:00:56.740] INFO   [0m [command.cpp:1537] record_pipeline: direct recording updated 1 descriptor bindings
[32m[2025-11-11 17:00:56.740] INFO   [0m [command.cpp:1564] record_pipeline: direct recording pushed 1 push constants
[32m[2025-11-11 17:00:56.740] INFO   [0m [command.cpp:1591] record_pipeline: direct recording completed successfully, pipeline=0x13b84c650 buffers=1 images=0 constants=1 dispatcher=25088x1x1
[32m[2025-11-11 17:00:56.740] INFO   [0m [command.cpp:2207] barrier_readwrite: direct recording applied memory barrier to buffer 0x15a8c2170
[32m[2025-11-11 17:00:56.740] INFO   [0m [command.cpp:2207] barrier_readwrite: direct recording applied memory barrier to buffer 0x15a8c2170
[32m[2025-11-11 17:00:56.740] INFO   [0m [command.cpp:1360] record_pipeline: direct recording bind pipeline completed, pipeline=0x15a89e050 buffers=2 images=0 constants=13 dispatcher=28x28x1
[32m[2025-11-11 17:00:56.740] INFO   [0m [command.cpp:1537] record_pipeline: direct recording updated 2 descriptor bindings
[32m[2025-11-11 17:00:56.740] INFO   [0m [command.cpp:1564] record_pipeline: direct recording pushed 13 push constants
[32m[2025-11-11 17:00:56.740] INFO   [0m [command.cpp:1591] record_pipeline: direct recording completed successfully, pipeline=0x13b84c7f0 buffers=2 images=0 constants=13 dispatcher=28x28x32
[32m[2025-11-11 17:00:56.740] INFO   [0m [command.cpp:2207] barrier_readwrite: direct recording applied memory barrier to buffer 0x15a8c2170
[32m[2025-11-11 17:00:56.740] INFO   [0m [command.cpp:2207] barrier_readwrite: direct recording applied memory barrier to buffer 0x15a8c2170
[32m[2025-11-11 17:00:56.740] INFO   [0m [command.cpp:1360] record_pipeline: direct recording bind pipeline completed, pipeline=0x15a89e050 buffers=2 images=0 constants=13 dispatcher=28x28x1
[32m[2025-11-11 17:00:56.740] INFO   [0m [command.cpp:1537] record_pipeline: direct recording updated 2 descriptor bindings
[32m[2025-11-11 17:00:56.740] INFO   [0m [command.cpp:1564] record_pipeline: direct recording pushed 13 push constants
[32m[2025-11-11 17:00:56.740] INFO   [0m [command.cpp:1591] record_pipeline: direct recording completed successfully, pipeline=0x13b84cfd0 buffers=2 images=0 constants=13 dispatcher=28x28x32
[32m[2025-11-11 17:00:56.740] INFO   [0m [command.cpp:2207] barrier_readwrite: direct recording applied memory barrier to buffer 0x15a8c2170
[32m[2025-11-11 17:00:56.740] INFO   [0m [command.cpp:2207] barrier_readwrite: direct recording applied memory barrier to buffer 0x15a8c2170
[32m[2025-11-11 17:00:56.740] INFO   [0m [command.cpp:1360] record_pipeline: direct recording bind pipeline completed, pipeline=0x15a83aa70 buffers=4 images=0 constants=8 dispatcher=196x8x0
[32m[2025-11-11 17:00:56.740] INFO   [0m [command.cpp:1537] record_pipeline: direct recording updated 4 descriptor bindings
[32m[2025-11-11 17:00:56.740] INFO   [0m [command.cpp:1564] record_pipeline: direct recording pushed 8 push constants
[32m[2025-11-11 17:00:56.740] INFO   [0m [command.cpp:1591] record_pipeline: direct recording completed successfully, pipeline=0x13b84e3c0 buffers=4 images=0 constants=8 dispatcher=196x8x1
[32m[2025-11-11 17:00:56.740] INFO   [0m [command.cpp:2207] barrier_readwrite: direct recording applied memory barrier to buffer 0x15a8c2170
[32m[2025-11-11 17:00:56.740] INFO   [0m [command.cpp:1360] record_pipeline: direct recording bind pipeline completed, pipeline=0x13b83fee0 buffers=1 images=0 constants=1 dispatcher=6272x1x0
[32m[2025-11-11 17:00:56.740] INFO   [0m [command.cpp:1537] record_pipeline: direct recording updated 1 descriptor bindings
[32m[2025-11-11 17:00:56.740] INFO   [0m [command.cpp:1564] record_pipeline: direct recording pushed 1 push constants
[32m[2025-11-11 17:00:56.740] INFO   [0m [command.cpp:1591] record_pipeline: direct recording completed successfully, pipeline=0x13b84b430 buffers=1 images=0 constants=1 dispatcher=6272x1x1
[32m[2025-11-11 17:00:56.740] INFO   [0m [command.cpp:2207] barrier_readwrite: direct recording applied memory barrier to buffer 0x15a8c2170
[32m[2025-11-11 17:00:56.741] INFO   [0m [command.cpp:2207] barrier_readwrite: direct recording applied memory barrier to buffer 0x15a8c2170
[32m[2025-11-11 17:00:56.741] INFO   [0m [command.cpp:1360] record_pipeline: direct recording bind pipeline completed, pipeline=0x15a83aa70 buffers=4 images=0 constants=8 dispatcher=196x32x0
[32m[2025-11-11 17:00:56.741] INFO   [0m [command.cpp:1537] record_pipeline: direct recording updated 4 descriptor bindings
[32m[2025-11-11 17:00:56.741] INFO   [0m [command.cpp:1564] record_pipeline: direct recording pushed 8 push constants
[32m[2025-11-11 17:00:56.741] INFO   [0m [command.cpp:1591] record_pipeline: direct recording completed successfully, pipeline=0x13b84f370 buffers=4 images=0 constants=8 dispatcher=196x32x1
[32m[2025-11-11 17:00:56.741] INFO   [0m [command.cpp:2207] barrier_readwrite: direct recording applied memory barrier to buffer 0x15a8c2170
[32m[2025-11-11 17:00:56.741] INFO   [0m [command.cpp:1360] record_pipeline: direct recording bind pipeline completed, pipeline=0x13b83fee0 buffers=1 images=0 constants=1 dispatcher=25088x1x0
[32m[2025-11-11 17:00:56.741] INFO   [0m [command.cpp:1537] record_pipeline: direct recording updated 1 descriptor bindings
[32m[2025-11-11 17:00:56.741] INFO   [0m [command.cpp:1564] record_pipeline: direct recording pushed 1 push constants
[32m[2025-11-11 17:00:56.741] INFO   [0m [command.cpp:1591] record_pipeline: direct recording completed successfully, pipeline=0x13b847b80 buffers=1 images=0 constants=1 dispatcher=25088x1x1
[32m[2025-11-11 17:00:56.741] INFO   [0m [command.cpp:2207] barrier_readwrite: direct recording applied memory barrier to buffer 0x15a8c2170
[32m[2025-11-11 17:00:56.741] INFO   [0m [command.cpp:2207] barrier_readwrite: direct recording applied memory barrier to buffer 0x15a8c2170
[32m[2025-11-11 17:00:56.741] INFO   [0m [command.cpp:2207] barrier_readwrite: direct recording applied memory barrier to buffer 0x15968be30
[32m[2025-11-11 17:00:56.741] INFO   [0m [command.cpp:1360] record_pipeline: direct recording bind pipeline completed, pipeline=0x15a904a20 buffers=3 images=0 constants=13 dispatcher=30x30x1
[32m[2025-11-11 17:00:56.741] INFO   [0m [command.cpp:1537] record_pipeline: direct recording updated 3 descriptor bindings
[32m[2025-11-11 17:00:56.741] INFO   [0m [command.cpp:1564] record_pipeline: direct recording pushed 13 push constants
[32m[2025-11-11 17:00:56.741] INFO   [0m [command.cpp:1591] record_pipeline: direct recording completed successfully, pipeline=0x13b84fb20 buffers=3 images=0 constants=13 dispatcher=30x30x8
[32m[2025-11-11 17:00:56.741] INFO   [0m [command.cpp:2207] barrier_readwrite: direct recording applied memory barrier to buffer 0x15a8c2170
[32m[2025-11-11 17:00:56.741] INFO   [0m [command.cpp:2207] barrier_readwrite: direct recording applied memory barrier to buffer 0x15a8c2170
[32m[2025-11-11 17:00:56.741] INFO   [0m [command.cpp:1360] record_pipeline: direct recording bind pipeline completed, pipeline=0x15a909250 buffers=2 images=0 constants=6 dispatcher=7x7x0
[32m[2025-11-11 17:00:56.741] INFO   [0m [command.cpp:1537] record_pipeline: direct recording updated 2 descriptor bindings
[32m[2025-11-11 17:00:56.741] INFO   [0m [command.cpp:1564] record_pipeline: direct recording pushed 6 push constants
[32m[2025-11-11 17:00:56.741] INFO   [0m [command.cpp:1591] record_pipeline: direct recording completed successfully, pipeline=0x13b84f9a0 buffers=2 images=0 constants=6 dispatcher=7x7x8
[32m[2025-11-11 17:00:56.741] INFO   [0m [command.cpp:2207] barrier_readwrite: direct recording applied memory barrier to buffer 0x15a8c2170
[32m[2025-11-11 17:00:56.741] INFO   [0m [command.cpp:2207] barrier_readwrite: direct recording applied memory barrier to buffer 0x15a8c2170
[32m[2025-11-11 17:00:56.741] INFO   [0m [command.cpp:1360] record_pipeline: direct recording bind pipeline completed, pipeline=0x159712c20 buffers=3 images=0 constants=3 dispatcher=13x32x0
[32m[2025-11-11 17:00:56.741] INFO   [0m [command.cpp:1537] record_pipeline: direct recording updated 3 descriptor bindings
[32m[2025-11-11 17:00:56.741] INFO   [0m [command.cpp:1564] record_pipeline: direct recording pushed 3 push constants
[32m[2025-11-11 17:00:56.741] INFO   [0m [command.cpp:1591] record_pipeline: direct recording completed successfully, pipeline=0x13b84eeb0 buffers=3 images=0 constants=3 dispatcher=13x32x36
[32m[2025-11-11 17:00:56.741] INFO   [0m [command.cpp:2207] barrier_readwrite: direct recording applied memory barrier to buffer 0x15a8c2170
[32m[2025-11-11 17:00:56.741] INFO   [0m [command.cpp:2207] barrier_readwrite: direct recording applied memory barrier to buffer 0x15a8c2170
[32m[2025-11-11 17:00:56.741] INFO   [0m [command.cpp:1360] record_pipeline: direct recording bind pipeline completed, pipeline=0x15a8a72d0 buffers=3 images=0 constants=6 dispatcher=7x7x0
[32m[2025-11-11 17:00:56.741] INFO   [0m [command.cpp:1537] record_pipeline: direct recording updated 3 descriptor bindings
[32m[2025-11-11 17:00:56.741] INFO   [0m [command.cpp:1564] record_pipeline: direct recording pushed 6 push constants
[32m[2025-11-11 17:00:56.741] INFO   [0m [command.cpp:1591] record_pipeline: direct recording completed successfully, pipeline=0x13b84f980 buffers=3 images=0 constants=6 dispatcher=7x7x32
[32m[2025-11-11 17:00:56.741] INFO   [0m [command.cpp:2207] barrier_readwrite: direct recording applied memory barrier to buffer 0x15a8c2170
[32m[2025-11-11 17:00:56.741] INFO   [0m [command.cpp:1360] record_pipeline: direct recording bind pipeline completed, pipeline=0x13b83fee0 buffers=1 images=0 constants=1 dispatcher=25088x1x0
[32m[2025-11-11 17:00:56.741] INFO   [0m [command.cpp:1537] record_pipeline: direct recording updated 1 descriptor bindings
[32m[2025-11-11 17:00:56.741] INFO   [0m [command.cpp:1564] record_pipeline: direct recording pushed 1 push constants
[32m[2025-11-11 17:00:56.741] INFO   [0m [command.cpp:1591] record_pipeline: direct recording completed successfully, pipeline=0x13b850260 buffers=1 images=0 constants=1 dispatcher=25088x1x1
[32m[2025-11-11 17:00:56.741] INFO   [0m [command.cpp:2207] barrier_readwrite: direct recording applied memory barrier to buffer 0x15a8c2170
[32m[2025-11-11 17:00:56.741] INFO   [0m [command.cpp:2207] barrier_readwrite: direct recording applied memory barrier to buffer 0x15a8c2170
[32m[2025-11-11 17:00:56.741] INFO   [0m [command.cpp:1360] record_pipeline: direct recording bind pipeline completed, pipeline=0x15a89e050 buffers=2 images=0 constants=13 dispatcher=28x28x1
[32m[2025-11-11 17:00:56.741] INFO   [0m [command.cpp:1537] record_pipeline: direct recording updated 2 descriptor bindings
[32m[2025-11-11 17:00:56.741] INFO   [0m [command.cpp:1564] record_pipeline: direct recording pushed 13 push constants
[32m[2025-11-11 17:00:56.741] INFO   [0m [command.cpp:1591] record_pipeline: direct recording completed successfully, pipeline=0x13b8504c0 buffers=2 images=0 constants=13 dispatcher=28x28x32
[32m[2025-11-11 17:00:56.741] INFO   [0m [command.cpp:2207] barrier_readwrite: direct recording applied memory barrier to buffer 0x15a8c2170
[32m[2025-11-11 17:00:56.741] INFO   [0m [command.cpp:2207] barrier_readwrite: direct recording applied memory barrier to buffer 0x15a8c2170
[32m[2025-11-11 17:00:56.741] INFO   [0m [command.cpp:1360] record_pipeline: direct recording bind pipeline completed, pipeline=0x15a89e050 buffers=2 images=0 constants=13 dispatcher=28x28x1
[32m[2025-11-11 17:00:56.741] INFO   [0m [command.cpp:1537] record_pipeline: direct recording updated 2 descriptor bindings
[32m[2025-11-11 17:00:56.741] INFO   [0m [command.cpp:1564] record_pipeline: direct recording pushed 13 push constants
[32m[2025-11-11 17:00:56.741] INFO   [0m [command.cpp:1591] record_pipeline: direct recording completed successfully, pipeline=0x13b850580 buffers=2 images=0 constants=13 dispatcher=28x28x32
[32m[2025-11-11 17:00:56.741] INFO   [0m [command.cpp:2207] barrier_readwrite: direct recording applied memory barrier to buffer 0x15a8c2170
[32m[2025-11-11 17:00:56.741] INFO   [0m [command.cpp:2207] barrier_readwrite: direct recording applied memory barrier to buffer 0x15a8c2170
[32m[2025-11-11 17:00:56.741] INFO   [0m [command.cpp:2207] barrier_readwrite: direct recording applied memory barrier to buffer 0x15968be30
[32m[2025-11-11 17:00:56.741] INFO   [0m [command.cpp:1360] record_pipeline: direct recording bind pipeline completed, pipeline=0x15a833580 buffers=3 images=0 constants=13 dispatcher=29x29x1
[32m[2025-11-11 17:00:56.741] INFO   [0m [command.cpp:1537] record_pipeline: direct recording updated 3 descriptor bindings
[32m[2025-11-11 17:00:56.741] INFO   [0m [command.cpp:1564] record_pipeline: direct recording pushed 13 push constants
[32m[2025-11-11 17:00:56.741] INFO   [0m [command.cpp:1591] record_pipeline: direct recording completed successfully, pipeline=0x13b850bd0 buffers=3 images=0 constants=13 dispatcher=29x29x64
[32m[2025-11-11 17:00:56.741] INFO   [0m [command.cpp:2207] barrier_readwrite: direct recording applied memory barrier to buffer 0x15a8c2170
[32m[2025-11-11 17:00:56.741] INFO   [0m [command.cpp:2207] barrier_readwrite: direct recording applied memory barrier to buffer 0x15a8c2170
[32m[2025-11-11 17:00:56.741] INFO   [0m [command.cpp:1360] record_pipeline: direct recording bind pipeline completed, pipeline=0x15a835a00 buffers=2 images=0 constants=12 dispatcher=14x14x1
[32m[2025-11-11 17:00:56.741] INFO   [0m [command.cpp:1537] record_pipeline: direct recording updated 2 descriptor bindings
[32m[2025-11-11 17:00:56.741] INFO   [0m [command.cpp:1564] record_pipeline: direct recording pushed 12 push constants
[32m[2025-11-11 17:00:56.741] INFO   [0m [command.cpp:1591] record_pipeline: direct recording completed successfully, pipeline=0x13b850a30 buffers=2 images=0 constants=12 dispatcher=14x14x64
[32m[2025-11-11 17:00:56.741] INFO   [0m [command.cpp:2207] barrier_readwrite: direct recording applied memory barrier to buffer 0x15a8c2170
[32m[2025-11-11 17:00:56.741] INFO   [0m [command.cpp:2207] barrier_readwrite: direct recording applied memory barrier to buffer 0x15a8c2170
[32m[2025-11-11 17:00:56.741] INFO   [0m [command.cpp:1360] record_pipeline: direct recording bind pipeline completed, pipeline=0x15a83aa70 buffers=4 images=0 constants=8 dispatcher=49x12x0
[32m[2025-11-11 17:00:56.741] INFO   [0m [command.cpp:1537] record_pipeline: direct recording updated 4 descriptor bindings
[32m[2025-11-11 17:00:56.741] INFO   [0m [command.cpp:1564] record_pipeline: direct recording pushed 8 push constants
[32m[2025-11-11 17:00:56.741] INFO   [0m [command.cpp:1591] record_pipeline: direct recording completed successfully, pipeline=0x15a8a8af0 buffers=4 images=0 constants=8 dispatcher=49x12x1
[32m[2025-11-11 17:00:56.741] INFO   [0m [command.cpp:2207] barrier_readwrite: direct recording applied memory barrier to buffer 0x15a8c2170
[32m[2025-11-11 17:00:56.741] INFO   [0m [command.cpp:1360] record_pipeline: direct recording bind pipeline completed, pipeline=0x13b83fee0 buffers=1 images=0 constants=1 dispatcher=2352x1x0
[32m[2025-11-11 17:00:56.741] INFO   [0m [command.cpp:1537] record_pipeline: direct recording updated 1 descriptor bindings
[32m[2025-11-11 17:00:56.741] INFO   [0m [command.cpp:1564] record_pipeline: direct recording pushed 1 push constants
[32m[2025-11-11 17:00:56.741] INFO   [0m [command.cpp:1591] record_pipeline: direct recording completed successfully, pipeline=0x15a8a8b10 buffers=1 images=0 constants=1 dispatcher=2352x1x1
[32m[2025-11-11 17:00:56.741] INFO   [0m [command.cpp:2207] barrier_readwrite: direct recording applied memory barrier to buffer 0x15a8c2170
[32m[2025-11-11 17:00:56.741] INFO   [0m [command.cpp:2207] barrier_readwrite: direct recording applied memory barrier to buffer 0x15a8c2170
[32m[2025-11-11 17:00:56.741] INFO   [0m [command.cpp:1360] record_pipeline: direct recording bind pipeline completed, pipeline=0x15a83aa70 buffers=4 images=0 constants=8 dispatcher=49x48x0
[32m[2025-11-11 17:00:56.741] INFO   [0m [command.cpp:1537] record_pipeline: direct recording updated 4 descriptor bindings
[32m[2025-11-11 17:00:56.741] INFO   [0m [command.cpp:1564] record_pipeline: direct recording pushed 8 push constants
[32m[2025-11-11 17:00:56.741] INFO   [0m [command.cpp:1591] record_pipeline: direct recording completed successfully, pipeline=0x159713810 buffers=4 images=0 constants=8 dispatcher=49x48x1
[32m[2025-11-11 17:00:56.741] INFO   [0m [command.cpp:2207] barrier_readwrite: direct recording applied memory barrier to buffer 0x15a8c2170
[32m[2025-11-11 17:00:56.741] INFO   [0m [command.cpp:1360] record_pipeline: direct recording bind pipeline completed, pipeline=0x13b83fee0 buffers=1 images=0 constants=1 dispatcher=9408x1x0
[32m[2025-11-11 17:00:56.741] INFO   [0m [command.cpp:1537] record_pipeline: direct recording updated 1 descriptor bindings
[32m[2025-11-11 17:00:56.741] INFO   [0m [command.cpp:1564] record_pipeline: direct recording pushed 1 push constants
[32m[2025-11-11 17:00:56.741] INFO   [0m [command.cpp:1591] record_pipeline: direct recording completed successfully, pipeline=0x159710e10 buffers=1 images=0 constants=1 dispatcher=9408x1x1
[32m[2025-11-11 17:00:56.741] INFO   [0m [command.cpp:2207] barrier_readwrite: direct recording applied memory barrier to buffer 0x15a8c2170
[32m[2025-11-11 17:00:56.741] INFO   [0m [command.cpp:2207] barrier_readwrite: direct recording applied memory barrier to buffer 0x15a8c2170
[32m[2025-11-11 17:00:56.741] INFO   [0m [command.cpp:2207] barrier_readwrite: direct recording applied memory barrier to buffer 0x15968be30
[32m[2025-11-11 17:00:56.741] INFO   [0m [command.cpp:1360] record_pipeline: direct recording bind pipeline completed, pipeline=0x15a904a20 buffers=3 images=0 constants=13 dispatcher=16x16x1
[32m[2025-11-11 17:00:56.741] INFO   [0m [command.cpp:1537] record_pipeline: direct recording updated 3 descriptor bindings
[32m[2025-11-11 17:00:56.741] INFO   [0m [command.cpp:1564] record_pipeline: direct recording pushed 13 push constants
[32m[2025-11-11 17:00:56.741] INFO   [0m [command.cpp:1591] record_pipeline: direct recording completed successfully, pipeline=0x15a908b80 buffers=3 images=0 constants=13 dispatcher=16x16x12
[32m[2025-11-11 17:00:56.741] INFO   [0m [command.cpp:2207] barrier_readwrite: direct recording applied memory barrier to buffer 0x15a8c2170
[32m[2025-11-11 17:00:56.741] INFO   [0m [command.cpp:2207] barrier_readwrite: direct recording applied memory barrier to buffer 0x15a8c2170
[32m[2025-11-11 17:00:56.741] INFO   [0m [command.cpp:1360] record_pipeline: direct recording bind pipeline completed, pipeline=0x13b852a30 buffers=2 images=0 constants=6 dispatcher=4x4x0
[32m[2025-11-11 17:00:56.741] INFO   [0m [command.cpp:1537] record_pipeline: direct recording updated 2 descriptor bindings
[32m[2025-11-11 17:00:56.741] INFO   [0m [command.cpp:1564] record_pipeline: direct recording pushed 6 push constants
[32m[2025-11-11 17:00:56.741] INFO   [0m [command.cpp:1591] record_pipeline: direct recording completed successfully, pipeline=0x15a8ac010 buffers=2 images=0 constants=6 dispatcher=4x4x12
[32m[2025-11-11 17:00:56.741] INFO   [0m [command.cpp:2207] barrier_readwrite: direct recording applied memory barrier to buffer 0x15a8c2170
[32m[2025-11-11 17:00:56.741] INFO   [0m [command.cpp:2207] barrier_readwrite: direct recording applied memory barrier to buffer 0x15a8c2170
[32m[2025-11-11 17:00:56.741] INFO   [0m [command.cpp:1360] record_pipeline: direct recording bind pipeline completed, pipeline=0x13b853030 buffers=3 images=0 constants=3 dispatcher=4x48x0
[32m[2025-11-11 17:00:56.741] INFO   [0m [command.cpp:1537] record_pipeline: direct recording updated 3 descriptor bindings
[32m[2025-11-11 17:00:56.741] INFO   [0m [command.cpp:1564] record_pipeline: direct recording pushed 3 push constants
[32m[2025-11-11 17:00:56.741] INFO   [0m [command.cpp:1591] record_pipeline: direct recording completed successfully, pipeline=0x13b850320 buffers=3 images=0 constants=3 dispatcher=4x48x36
[32m[2025-11-11 17:00:56.741] INFO   [0m [command.cpp:2207] barrier_readwrite: direct recording applied memory barrier to buffer 0x15a8c2170
[32m[2025-11-11 17:00:56.741] INFO   [0m [command.cpp:2207] barrier_readwrite: direct recording applied memory barrier to buffer 0x15a8c2170
[32m[2025-11-11 17:00:56.741] INFO   [0m [command.cpp:1360] record_pipeline: direct recording bind pipeline completed, pipeline=0x13b822220 buffers=3 images=0 constants=6 dispatcher=4x4x0
[32m[2025-11-11 17:00:56.741] INFO   [0m [command.cpp:1537] record_pipeline: direct recording updated 3 descriptor bindings
[32m[2025-11-11 17:00:56.741] INFO   [0m [command.cpp:1564] record_pipeline: direct recording pushed 6 push constants
[32m[2025-11-11 17:00:56.741] INFO   [0m [command.cpp:1591] record_pipeline: direct recording completed successfully, pipeline=0x13b8529b0 buffers=3 images=0 constants=6 dispatcher=4x4x48
[32m[2025-11-11 17:00:56.741] INFO   [0m [command.cpp:2207] barrier_readwrite: direct recording applied memory barrier to buffer 0x15a8c2170
[32m[2025-11-11 17:00:56.741] INFO   [0m [command.cpp:1360] record_pipeline: direct recording bind pipeline completed, pipeline=0x13b83fee0 buffers=1 images=0 constants=1 dispatcher=9408x1x0
[32m[2025-11-11 17:00:56.741] INFO   [0m [command.cpp:1537] record_pipeline: direct recording updated 1 descriptor bindings
[32m[2025-11-11 17:00:56.741] INFO   [0m [command.cpp:1564] record_pipeline: direct recording pushed 1 push constants
[32m[2025-11-11 17:00:56.741] INFO   [0m [command.cpp:1591] record_pipeline: direct recording completed successfully, pipeline=0x13b824ab0 buffers=1 images=0 constants=1 dispatcher=9408x1x1
[32m[2025-11-11 17:00:56.741] INFO   [0m [command.cpp:2207] barrier_readwrite: direct recording applied memory barrier to buffer 0x15a8c2170
[32m[2025-11-11 17:00:56.741] INFO   [0m [command.cpp:2207] barrier_readwrite: direct recording applied memory barrier to buffer 0x15a8c2170
[32m[2025-11-11 17:00:56.741] INFO   [0m [command.cpp:1360] record_pipeline: direct recording bind pipeline completed, pipeline=0x15a89e050 buffers=2 images=0 constants=13 dispatcher=14x14x1
[32m[2025-11-11 17:00:56.741] INFO   [0m [command.cpp:1537] record_pipeline: direct recording updated 2 descriptor bindings
[32m[2025-11-11 17:00:56.741] INFO   [0m [command.cpp:1564] record_pipeline: direct recording pushed 13 push constants
[32m[2025-11-11 17:00:56.741] INFO   [0m [command.cpp:1591] record_pipeline: direct recording completed successfully, pipeline=0x13ba04240 buffers=2 images=0 constants=13 dispatcher=14x14x48
[32m[2025-11-11 17:00:56.741] INFO   [0m [command.cpp:2207] barrier_readwrite: direct recording applied memory barrier to buffer 0x15a8c2170
[32m[2025-11-11 17:00:56.741] INFO   [0m [command.cpp:2207] barrier_readwrite: direct recording applied memory barrier to buffer 0x15a8c2170
[32m[2025-11-11 17:00:56.741] INFO   [0m [command.cpp:1360] record_pipeline: direct recording bind pipeline completed, pipeline=0x15a89e050 buffers=2 images=0 constants=13 dispatcher=14x14x1
[32m[2025-11-11 17:00:56.741] INFO   [0m [command.cpp:1537] record_pipeline: direct recording updated 2 descriptor bindings
[32m[2025-11-11 17:00:56.741] INFO   [0m [command.cpp:1564] record_pipeline: direct recording pushed 13 push constants
[32m[2025-11-11 17:00:56.741] INFO   [0m [command.cpp:1591] record_pipeline: direct recording completed successfully, pipeline=0x13ba04300 buffers=2 images=0 constants=13 dispatcher=14x14x48
[32m[2025-11-11 17:00:56.741] INFO   [0m [command.cpp:2207] barrier_readwrite: direct recording applied memory barrier to buffer 0x15a8c2170
[32m[2025-11-11 17:00:56.741] INFO   [0m [command.cpp:2207] barrier_readwrite: direct recording applied memory barrier to buffer 0x15a8c2170
[32m[2025-11-11 17:00:56.741] INFO   [0m [command.cpp:1360] record_pipeline: direct recording bind pipeline completed, pipeline=0x15a83aa70 buffers=4 images=0 constants=8 dispatcher=49x12x0
[32m[2025-11-11 17:00:56.741] INFO   [0m [command.cpp:1537] record_pipeline: direct recording updated 4 descriptor bindings
[32m[2025-11-11 17:00:56.741] INFO   [0m [command.cpp:1564] record_pipeline: direct recording pushed 8 push constants
[32m[2025-11-11 17:00:56.741] INFO   [0m [command.cpp:1591] record_pipeline: direct recording completed successfully, pipeline=0x15a8abbf0 buffers=4 images=0 constants=8 dispatcher=49x12x1
[32m[2025-11-11 17:00:56.741] INFO   [0m [command.cpp:2207] barrier_readwrite: direct recording applied memory barrier to buffer 0x15a8c2170
[32m[2025-11-11 17:00:56.741] INFO   [0m [command.cpp:1360] record_pipeline: direct recording bind pipeline completed, pipeline=0x13b83fee0 buffers=1 images=0 constants=1 dispatcher=2352x1x0
[32m[2025-11-11 17:00:56.741] INFO   [0m [command.cpp:1537] record_pipeline: direct recording updated 1 descriptor bindings
[32m[2025-11-11 17:00:56.741] INFO   [0m [command.cpp:1564] record_pipeline: direct recording pushed 1 push constants
[32m[2025-11-11 17:00:56.741] INFO   [0m [command.cpp:1591] record_pipeline: direct recording completed successfully, pipeline=0x15a8abc10 buffers=1 images=0 constants=1 dispatcher=2352x1x1
[32m[2025-11-11 17:00:56.741] INFO   [0m [command.cpp:2207] barrier_readwrite: direct recording applied memory barrier to buffer 0x15a8c2170
[32m[2025-11-11 17:00:56.741] INFO   [0m [command.cpp:2207] barrier_readwrite: direct recording applied memory barrier to buffer 0x15a8c2170
[32m[2025-11-11 17:00:56.741] INFO   [0m [command.cpp:1360] record_pipeline: direct recording bind pipeline completed, pipeline=0x15a83aa70 buffers=4 images=0 constants=8 dispatcher=49x48x0
[32m[2025-11-11 17:00:56.741] INFO   [0m [command.cpp:1537] record_pipeline: direct recording updated 4 descriptor bindings
[32m[2025-11-11 17:00:56.741] INFO   [0m [command.cpp:1564] record_pipeline: direct recording pushed 8 push constants
[32m[2025-11-11 17:00:56.741] INFO   [0m [command.cpp:1591] record_pipeline: direct recording completed successfully, pipeline=0x15a8b0c20 buffers=4 images=0 constants=8 dispatcher=49x48x1
[32m[2025-11-11 17:00:56.741] INFO   [0m [command.cpp:2207] barrier_readwrite: direct recording applied memory barrier to buffer 0x15a8c2170
[32m[2025-11-11 17:00:56.741] INFO   [0m [command.cpp:1360] record_pipeline: direct recording bind pipeline completed, pipeline=0x13b83fee0 buffers=1 images=0 constants=1 dispatcher=9408x1x0
[32m[2025-11-11 17:00:56.741] INFO   [0m [command.cpp:1537] record_pipeline: direct recording updated 1 descriptor bindings
[32m[2025-11-11 17:00:56.741] INFO   [0m [command.cpp:1564] record_pipeline: direct recording pushed 1 push constants
[32m[2025-11-11 17:00:56.741] INFO   [0m [command.cpp:1591] record_pipeline: direct recording completed successfully, pipeline=0x15a8ac520 buffers=1 images=0 constants=1 dispatcher=9408x1x1
[32m[2025-11-11 17:00:56.741] INFO   [0m [command.cpp:2207] barrier_readwrite: direct recording applied memory barrier to buffer 0x15a8c2170
[32m[2025-11-11 17:00:56.741] INFO   [0m [command.cpp:2207] barrier_readwrite: direct recording applied memory barrier to buffer 0x15a8c2170
[32m[2025-11-11 17:00:56.741] INFO   [0m [command.cpp:2207] barrier_readwrite: direct recording applied memory barrier to buffer 0x15968be30
[32m[2025-11-11 17:00:56.741] INFO   [0m [command.cpp:1360] record_pipeline: direct recording bind pipeline completed, pipeline=0x15a904a20 buffers=3 images=0 constants=13 dispatcher=16x16x1
[32m[2025-11-11 17:00:56.741] INFO   [0m [command.cpp:1537] record_pipeline: direct recording updated 3 descriptor bindings
[32m[2025-11-11 17:00:56.741] INFO   [0m [command.cpp:1564] record_pipeline: direct recording pushed 13 push constants
[32m[2025-11-11 17:00:56.741] INFO   [0m [command.cpp:1591] record_pipeline: direct recording completed successfully, pipeline=0x15a8b14f0 buffers=3 images=0 constants=13 dispatcher=16x16x12
[32m[2025-11-11 17:00:56.741] INFO   [0m [command.cpp:2207] barrier_readwrite: direct recording applied memory barrier to buffer 0x15a8c2170
[32m[2025-11-11 17:00:56.741] INFO   [0m [command.cpp:2207] barrier_readwrite: direct recording applied memory barrier to buffer 0x15a8c2170
[32m[2025-11-11 17:00:56.741] INFO   [0m [command.cpp:1360] record_pipeline: direct recording bind pipeline completed, pipeline=0x13b852a30 buffers=2 images=0 constants=6 dispatcher=4x4x0
[32m[2025-11-11 17:00:56.741] INFO   [0m [command.cpp:1537] record_pipeline: direct recording updated 2 descriptor bindings
[32m[2025-11-11 17:00:56.741] INFO   [0m [command.cpp:1564] record_pipeline: direct recording pushed 6 push constants
[32m[2025-11-11 17:00:56.741] INFO   [0m [command.cpp:1591] record_pipeline: direct recording completed successfully, pipeline=0x15a8b1370 buffers=2 images=0 constants=6 dispatcher=4x4x12
[32m[2025-11-11 17:00:56.741] INFO   [0m [command.cpp:2207] barrier_readwrite: direct recording applied memory barrier to buffer 0x15a8c2170
[32m[2025-11-11 17:00:56.741] INFO   [0m [command.cpp:2207] barrier_readwrite: direct recording applied memory barrier to buffer 0x15a8c2170
[32m[2025-11-11 17:00:56.741] INFO   [0m [command.cpp:1360] record_pipeline: direct recording bind pipeline completed, pipeline=0x13b853030 buffers=3 images=0 constants=3 dispatcher=4x48x0
[32m[2025-11-11 17:00:56.741] INFO   [0m [command.cpp:1537] record_pipeline: direct recording updated 3 descriptor bindings
[32m[2025-11-11 17:00:56.741] INFO   [0m [command.cpp:1564] record_pipeline: direct recording pushed 3 push constants
[32m[2025-11-11 17:00:56.741] INFO   [0m [command.cpp:1591] record_pipeline: direct recording completed successfully, pipeline=0x15a8b1390 buffers=3 images=0 constants=3 dispatcher=4x48x36
[32m[2025-11-11 17:00:56.741] INFO   [0m [command.cpp:2207] barrier_readwrite: direct recording applied memory barrier to buffer 0x15a8c2170
[32m[2025-11-11 17:00:56.741] INFO   [0m [command.cpp:2207] barrier_readwrite: direct recording applied memory barrier to buffer 0x15a8c2170
[32m[2025-11-11 17:00:56.741] INFO   [0m [command.cpp:1360] record_pipeline: direct recording bind pipeline completed, pipeline=0x13b822220 buffers=3 images=0 constants=6 dispatcher=4x4x0
[32m[2025-11-11 17:00:56.741] INFO   [0m [command.cpp:1537] record_pipeline: direct recording updated 3 descriptor bindings
[32m[2025-11-11 17:00:56.741] INFO   [0m [command.cpp:1564] record_pipeline: direct recording pushed 6 push constants
[32m[2025-11-11 17:00:56.741] INFO   [0m [command.cpp:1591] record_pipeline: direct recording completed successfully, pipeline=0x15a8af2b0 buffers=3 images=0 constants=6 dispatcher=4x4x48
[32m[2025-11-11 17:00:56.741] INFO   [0m [command.cpp:2207] barrier_readwrite: direct recording applied memory barrier to buffer 0x15a8c2170
[32m[2025-11-11 17:00:56.741] INFO   [0m [command.cpp:1360] record_pipeline: direct recording bind pipeline completed, pipeline=0x13b83fee0 buffers=1 images=0 constants=1 dispatcher=9408x1x0
[32m[2025-11-11 17:00:56.741] INFO   [0m [command.cpp:1537] record_pipeline: direct recording updated 1 descriptor bindings
[32m[2025-11-11 17:00:56.741] INFO   [0m [command.cpp:1564] record_pipeline: direct recording pushed 1 push constants
[32m[2025-11-11 17:00:56.741] INFO   [0m [command.cpp:1591] record_pipeline: direct recording completed successfully, pipeline=0x15a8b1350 buffers=1 images=0 constants=1 dispatcher=9408x1x1
[32m[2025-11-11 17:00:56.741] INFO   [0m [command.cpp:2207] barrier_readwrite: direct recording applied memory barrier to buffer 0x15a8c2170
[32m[2025-11-11 17:00:56.742] INFO   [0m [command.cpp:2207] barrier_readwrite: direct recording applied memory barrier to buffer 0x15a8c2170
[32m[2025-11-11 17:00:56.742] INFO   [0m [command.cpp:1360] record_pipeline: direct recording bind pipeline completed, pipeline=0x15a89e050 buffers=2 images=0 constants=13 dispatcher=14x14x1
[32m[2025-11-11 17:00:56.742] INFO   [0m [command.cpp:1537] record_pipeline: direct recording updated 2 descriptor bindings
[32m[2025-11-11 17:00:56.742] INFO   [0m [command.cpp:1564] record_pipeline: direct recording pushed 13 push constants
[32m[2025-11-11 17:00:56.742] INFO   [0m [command.cpp:1591] record_pipeline: direct recording completed successfully, pipeline=0x15a8b1e60 buffers=2 images=0 constants=13 dispatcher=14x14x48
[32m[2025-11-11 17:00:56.742] INFO   [0m [command.cpp:2207] barrier_readwrite: direct recording applied memory barrier to buffer 0x15a8c2170
[32m[2025-11-11 17:00:56.742] INFO   [0m [command.cpp:2207] barrier_readwrite: direct recording applied memory barrier to buffer 0x15a8c2170
[32m[2025-11-11 17:00:56.742] INFO   [0m [command.cpp:1360] record_pipeline: direct recording bind pipeline completed, pipeline=0x15a89e050 buffers=2 images=0 constants=13 dispatcher=14x14x1
[32m[2025-11-11 17:00:56.742] INFO   [0m [command.cpp:1537] record_pipeline: direct recording updated 2 descriptor bindings
[32m[2025-11-11 17:00:56.742] INFO   [0m [command.cpp:1564] record_pipeline: direct recording pushed 13 push constants
[32m[2025-11-11 17:00:56.742] INFO   [0m [command.cpp:1591] record_pipeline: direct recording completed successfully, pipeline=0x15a8b1f20 buffers=2 images=0 constants=13 dispatcher=14x14x48
[32m[2025-11-11 17:00:56.742] INFO   [0m [command.cpp:2207] barrier_readwrite: direct recording applied memory barrier to buffer 0x15a8c2170
[32m[2025-11-11 17:00:56.742] INFO   [0m [command.cpp:2207] barrier_readwrite: direct recording applied memory barrier to buffer 0x15a8c2170
[32m[2025-11-11 17:00:56.742] INFO   [0m [command.cpp:1360] record_pipeline: direct recording bind pipeline completed, pipeline=0x15a83aa70 buffers=4 images=0 constants=8 dispatcher=49x16x0
[32m[2025-11-11 17:00:56.742] INFO   [0m [command.cpp:1537] record_pipeline: direct recording updated 4 descriptor bindings
[32m[2025-11-11 17:00:56.742] INFO   [0m [command.cpp:1564] record_pipeline: direct recording pushed 8 push constants
[32m[2025-11-11 17:00:56.742] INFO   [0m [command.cpp:1591] record_pipeline: direct recording completed successfully, pipeline=0x15a8b2ed0 buffers=4 images=0 constants=8 dispatcher=49x16x1
[32m[2025-11-11 17:00:56.742] INFO   [0m [command.cpp:2207] barrier_readwrite: direct recording applied memory barrier to buffer 0x15a8c2170
[32m[2025-11-11 17:00:56.742] INFO   [0m [command.cpp:1360] record_pipeline: direct recording bind pipeline completed, pipeline=0x13b83fee0 buffers=1 images=0 constants=1 dispatcher=3136x1x0
[32m[2025-11-11 17:00:56.742] INFO   [0m [command.cpp:1537] record_pipeline: direct recording updated 1 descriptor bindings
[32m[2025-11-11 17:00:56.742] INFO   [0m [command.cpp:1564] record_pipeline: direct recording pushed 1 push constants
[32m[2025-11-11 17:00:56.742] INFO   [0m [command.cpp:1591] record_pipeline: direct recording completed successfully, pipeline=0x15a8b1cc0 buffers=1 images=0 constants=1 dispatcher=3136x1x1
[32m[2025-11-11 17:00:56.742] INFO   [0m [command.cpp:2207] barrier_readwrite: direct recording applied memory barrier to buffer 0x15a8c2170
[32m[2025-11-11 17:00:56.742] INFO   [0m [command.cpp:2207] barrier_readwrite: direct recording applied memory barrier to buffer 0x15a8c2170
[32m[2025-11-11 17:00:56.742] INFO   [0m [command.cpp:1360] record_pipeline: direct recording bind pipeline completed, pipeline=0x15a83aa70 buffers=4 images=0 constants=8 dispatcher=49x64x0
[32m[2025-11-11 17:00:56.742] INFO   [0m [command.cpp:1537] record_pipeline: direct recording updated 4 descriptor bindings
[32m[2025-11-11 17:00:56.742] INFO   [0m [command.cpp:1564] record_pipeline: direct recording pushed 8 push constants
[32m[2025-11-11 17:00:56.742] INFO   [0m [command.cpp:1591] record_pipeline: direct recording completed successfully, pipeline=0x15a8b3ab0 buffers=4 images=0 constants=8 dispatcher=49x64x1
[32m[2025-11-11 17:00:56.742] INFO   [0m [command.cpp:2207] barrier_readwrite: direct recording applied memory barrier to buffer 0x15a8c2170
[32m[2025-11-11 17:00:56.742] INFO   [0m [command.cpp:1360] record_pipeline: direct recording bind pipeline completed, pipeline=0x13b83fee0 buffers=1 images=0 constants=1 dispatcher=12544x1x0
[32m[2025-11-11 17:00:56.742] INFO   [0m [command.cpp:1537] record_pipeline: direct recording updated 1 descriptor bindings
[32m[2025-11-11 17:00:56.742] INFO   [0m [command.cpp:1564] record_pipeline: direct recording pushed 1 push constants
[32m[2025-11-11 17:00:56.742] INFO   [0m [command.cpp:1591] record_pipeline: direct recording completed successfully, pipeline=0x15a8b31f0 buffers=1 images=0 constants=1 dispatcher=12544x1x1
[32m[2025-11-11 17:00:56.742] INFO   [0m [command.cpp:2207] barrier_readwrite: direct recording applied memory barrier to buffer 0x15a8c2170
[32m[2025-11-11 17:00:56.742] INFO   [0m [command.cpp:2207] barrier_readwrite: direct recording applied memory barrier to buffer 0x15a8c2170
[32m[2025-11-11 17:00:56.742] INFO   [0m [command.cpp:2207] barrier_readwrite: direct recording applied memory barrier to buffer 0x15968be30
[32m[2025-11-11 17:00:56.742] INFO   [0m [command.cpp:1360] record_pipeline: direct recording bind pipeline completed, pipeline=0x15a904a20 buffers=3 images=0 constants=13 dispatcher=16x16x1
[32m[2025-11-11 17:00:56.742] INFO   [0m [command.cpp:1537] record_pipeline: direct recording updated 3 descriptor bindings
[32m[2025-11-11 17:00:56.742] INFO   [0m [command.cpp:1564] record_pipeline: direct recording pushed 13 push constants
[32m[2025-11-11 17:00:56.742] INFO   [0m [command.cpp:1591] record_pipeline: direct recording completed successfully, pipeline=0x15a8b4760 buffers=3 images=0 constants=13 dispatcher=16x16x16
[32m[2025-11-11 17:00:56.742] INFO   [0m [command.cpp:2207] barrier_readwrite: direct recording applied memory barrier to buffer 0x15a8c2170
[32m[2025-11-11 17:00:56.742] INFO   [0m [command.cpp:2207] barrier_readwrite: direct recording applied memory barrier to buffer 0x15a8c2170
[32m[2025-11-11 17:00:56.742] INFO   [0m [command.cpp:1360] record_pipeline: direct recording bind pipeline completed, pipeline=0x159716e50 buffers=2 images=0 constants=6 dispatcher=4x4x0
[32m[2025-11-11 17:00:56.742] INFO   [0m [command.cpp:1537] record_pipeline: direct recording updated 2 descriptor bindings
[32m[2025-11-11 17:00:56.742] INFO   [0m [command.cpp:1564] record_pipeline: direct recording pushed 6 push constants
[32m[2025-11-11 17:00:56.742] INFO   [0m [command.cpp:1591] record_pipeline: direct recording completed successfully, pipeline=0x159715550 buffers=2 images=0 constants=6 dispatcher=4x4x16
[32m[2025-11-11 17:00:56.742] INFO   [0m [command.cpp:2207] barrier_readwrite: direct recording applied memory barrier to buffer 0x15a8c2170
[32m[2025-11-11 17:00:56.742] INFO   [0m [command.cpp:2207] barrier_readwrite: direct recording applied memory barrier to buffer 0x15a8c2170
[32m[2025-11-11 17:00:56.742] INFO   [0m [command.cpp:1360] record_pipeline: direct recording bind pipeline completed, pipeline=0x1597179c0 buffers=3 images=0 constants=3 dispatcher=4x64x0
[32m[2025-11-11 17:00:56.742] INFO   [0m [command.cpp:1537] record_pipeline: direct recording updated 3 descriptor bindings
[32m[2025-11-11 17:00:56.742] INFO   [0m [command.cpp:1564] record_pipeline: direct recording pushed 3 push constants
[32m[2025-11-11 17:00:56.742] INFO   [0m [command.cpp:1591] record_pipeline: direct recording completed successfully, pipeline=0x159715bb0 buffers=3 images=0 constants=3 dispatcher=4x64x36
[32m[2025-11-11 17:00:56.742] INFO   [0m [command.cpp:2207] barrier_readwrite: direct recording applied memory barrier to buffer 0x15a8c2170
[32m[2025-11-11 17:00:56.742] INFO   [0m [command.cpp:2207] barrier_readwrite: direct recording applied memory barrier to buffer 0x15a8c2170
[32m[2025-11-11 17:00:56.742] INFO   [0m [command.cpp:1360] record_pipeline: direct recording bind pipeline completed, pipeline=0x15a8b5000 buffers=3 images=0 constants=6 dispatcher=4x4x0
[32m[2025-11-11 17:00:56.742] INFO   [0m [command.cpp:1537] record_pipeline: direct recording updated 3 descriptor bindings
[32m[2025-11-11 17:00:56.742] INFO   [0m [command.cpp:1564] record_pipeline: direct recording pushed 6 push constants
[32m[2025-11-11 17:00:56.742] INFO   [0m [command.cpp:1591] record_pipeline: direct recording completed successfully, pipeline=0x1597160d0 buffers=3 images=0 constants=6 dispatcher=4x4x64
[32m[2025-11-11 17:00:56.742] INFO   [0m [command.cpp:2207] barrier_readwrite: direct recording applied memory barrier to buffer 0x15a8c2170
[32m[2025-11-11 17:00:56.742] INFO   [0m [command.cpp:1360] record_pipeline: direct recording bind pipeline completed, pipeline=0x13b83fee0 buffers=1 images=0 constants=1 dispatcher=12544x1x0
[32m[2025-11-11 17:00:56.742] INFO   [0m [command.cpp:1537] record_pipeline: direct recording updated 1 descriptor bindings
[32m[2025-11-11 17:00:56.742] INFO   [0m [command.cpp:1564] record_pipeline: direct recording pushed 1 push constants
[32m[2025-11-11 17:00:56.742] INFO   [0m [command.cpp:1591] record_pipeline: direct recording completed successfully, pipeline=0x13b825fd0 buffers=1 images=0 constants=1 dispatcher=12544x1x1
[32m[2025-11-11 17:00:56.742] INFO   [0m [command.cpp:2207] barrier_readwrite: direct recording applied memory barrier to buffer 0x15a8c2170
[32m[2025-11-11 17:00:56.742] INFO   [0m [command.cpp:2207] barrier_readwrite: direct recording applied memory barrier to buffer 0x15a8c2170
[32m[2025-11-11 17:00:56.742] INFO   [0m [command.cpp:1360] record_pipeline: direct recording bind pipeline completed, pipeline=0x15a89e050 buffers=2 images=0 constants=13 dispatcher=14x14x1
[32m[2025-11-11 17:00:56.742] INFO   [0m [command.cpp:1537] record_pipeline: direct recording updated 2 descriptor bindings
[32m[2025-11-11 17:00:56.742] INFO   [0m [command.cpp:1564] record_pipeline: direct recording pushed 13 push constants
[32m[2025-11-11 17:00:56.742] INFO   [0m [command.cpp:1591] record_pipeline: direct recording completed successfully, pipeline=0x13b826190 buffers=2 images=0 constants=13 dispatcher=14x14x64
[32m[2025-11-11 17:00:56.742] INFO   [0m [command.cpp:2207] barrier_readwrite: direct recording applied memory barrier to buffer 0x15a8c2170
[32m[2025-11-11 17:00:56.742] INFO   [0m [command.cpp:2207] barrier_readwrite: direct recording applied memory barrier to buffer 0x15a8c2170
[32m[2025-11-11 17:00:56.742] INFO   [0m [command.cpp:1360] record_pipeline: direct recording bind pipeline completed, pipeline=0x15a89e050 buffers=2 images=0 constants=13 dispatcher=14x14x1
[32m[2025-11-11 17:00:56.742] INFO   [0m [command.cpp:1537] record_pipeline: direct recording updated 2 descriptor bindings
[32m[2025-11-11 17:00:56.742] INFO   [0m [command.cpp:1564] record_pipeline: direct recording pushed 13 push constants
[32m[2025-11-11 17:00:56.742] INFO   [0m [command.cpp:1591] record_pipeline: direct recording completed successfully, pipeline=0x13b8261b0 buffers=2 images=0 constants=13 dispatcher=14x14x64
[32m[2025-11-11 17:00:56.742] INFO   [0m [command.cpp:2207] barrier_readwrite: direct recording applied memory barrier to buffer 0x15a8c2170
[32m[2025-11-11 17:00:56.742] INFO   [0m [command.cpp:2207] barrier_readwrite: direct recording applied memory barrier to buffer 0x15a8c2170
[32m[2025-11-11 17:00:56.742] INFO   [0m [command.cpp:1360] record_pipeline: direct recording bind pipeline completed, pipeline=0x15a83aa70 buffers=4 images=0 constants=8 dispatcher=49x16x0
[32m[2025-11-11 17:00:56.742] INFO   [0m [command.cpp:1537] record_pipeline: direct recording updated 4 descriptor bindings
[32m[2025-11-11 17:00:56.742] INFO   [0m [command.cpp:1564] record_pipeline: direct recording pushed 8 push constants
[32m[2025-11-11 17:00:56.742] INFO   [0m [command.cpp:1591] record_pipeline: direct recording completed successfully, pipeline=0x159718c90 buffers=4 images=0 constants=8 dispatcher=49x16x1
[32m[2025-11-11 17:00:56.742] INFO   [0m [command.cpp:2207] barrier_readwrite: direct recording applied memory barrier to buffer 0x15a8c2170
[32m[2025-11-11 17:00:56.742] INFO   [0m [command.cpp:1360] record_pipeline: direct recording bind pipeline completed, pipeline=0x13b83fee0 buffers=1 images=0 constants=1 dispatcher=3136x1x0
[32m[2025-11-11 17:00:56.742] INFO   [0m [command.cpp:1537] record_pipeline: direct recording updated 1 descriptor bindings
[32m[2025-11-11 17:00:56.742] INFO   [0m [command.cpp:1564] record_pipeline: direct recording pushed 1 push constants
[32m[2025-11-11 17:00:56.742] INFO   [0m [command.cpp:1591] record_pipeline: direct recording completed successfully, pipeline=0x159718cb0 buffers=1 images=0 constants=1 dispatcher=3136x1x1
[32m[2025-11-11 17:00:56.742] INFO   [0m [command.cpp:2207] barrier_readwrite: direct recording applied memory barrier to buffer 0x15a8c2170
[32m[2025-11-11 17:00:56.742] INFO   [0m [command.cpp:2207] barrier_readwrite: direct recording applied memory barrier to buffer 0x15a8c2170
[32m[2025-11-11 17:00:56.742] INFO   [0m [command.cpp:1360] record_pipeline: direct recording bind pipeline completed, pipeline=0x15a83aa70 buffers=4 images=0 constants=8 dispatcher=49x64x0
[32m[2025-11-11 17:00:56.742] INFO   [0m [command.cpp:1537] record_pipeline: direct recording updated 4 descriptor bindings
[32m[2025-11-11 17:00:56.742] INFO   [0m [command.cpp:1564] record_pipeline: direct recording pushed 8 push constants
[32m[2025-11-11 17:00:56.742] INFO   [0m [command.cpp:1591] record_pipeline: direct recording completed successfully, pipeline=0x15971a520 buffers=4 images=0 constants=8 dispatcher=49x64x1
[32m[2025-11-11 17:00:56.742] INFO   [0m [command.cpp:2207] barrier_readwrite: direct recording applied memory barrier to buffer 0x15a8c2170
[32m[2025-11-11 17:00:56.742] INFO   [0m [command.cpp:1360] record_pipeline: direct recording bind pipeline completed, pipeline=0x13b83fee0 buffers=1 images=0 constants=1 dispatcher=12544x1x0
[32m[2025-11-11 17:00:56.742] INFO   [0m [command.cpp:1537] record_pipeline: direct recording updated 1 descriptor bindings
[32m[2025-11-11 17:00:56.742] INFO   [0m [command.cpp:1564] record_pipeline: direct recording pushed 1 push constants
[32m[2025-11-11 17:00:56.742] INFO   [0m [command.cpp:1591] record_pipeline: direct recording completed successfully, pipeline=0x159719920 buffers=1 images=0 constants=1 dispatcher=12544x1x1
[32m[2025-11-11 17:00:56.742] INFO   [0m [command.cpp:2207] barrier_readwrite: direct recording applied memory barrier to buffer 0x15a8c2170
[32m[2025-11-11 17:00:56.742] INFO   [0m [command.cpp:2207] barrier_readwrite: direct recording applied memory barrier to buffer 0x15a8c2170
[32m[2025-11-11 17:00:56.742] INFO   [0m [command.cpp:2207] barrier_readwrite: direct recording applied memory barrier to buffer 0x15968be30
[32m[2025-11-11 17:00:56.742] INFO   [0m [command.cpp:1360] record_pipeline: direct recording bind pipeline completed, pipeline=0x15a904a20 buffers=3 images=0 constants=13 dispatcher=16x16x1
[32m[2025-11-11 17:00:56.742] INFO   [0m [command.cpp:1537] record_pipeline: direct recording updated 3 descriptor bindings
[32m[2025-11-11 17:00:56.742] INFO   [0m [command.cpp:1564] record_pipeline: direct recording pushed 13 push constants
[32m[2025-11-11 17:00:56.742] INFO   [0m [command.cpp:1591] record_pipeline: direct recording completed successfully, pipeline=0x15971aa90 buffers=3 images=0 constants=13 dispatcher=16x16x16
[32m[2025-11-11 17:00:56.742] INFO   [0m [command.cpp:2207] barrier_readwrite: direct recording applied memory barrier to buffer 0x15a8c2170
[32m[2025-11-11 17:00:56.742] INFO   [0m [command.cpp:2207] barrier_readwrite: direct recording applied memory barrier to buffer 0x15a8c2170
[32m[2025-11-11 17:00:56.742] INFO   [0m [command.cpp:1360] record_pipeline: direct recording bind pipeline completed, pipeline=0x159716e50 buffers=2 images=0 constants=6 dispatcher=4x4x0
[32m[2025-11-11 17:00:56.742] INFO   [0m [command.cpp:1537] record_pipeline: direct recording updated 2 descriptor bindings
[32m[2025-11-11 17:00:56.742] INFO   [0m [command.cpp:1564] record_pipeline: direct recording pushed 6 push constants
[32m[2025-11-11 17:00:56.742] INFO   [0m [command.cpp:1591] record_pipeline: direct recording completed successfully, pipeline=0x15a90b760 buffers=2 images=0 constants=6 dispatcher=4x4x16
[32m[2025-11-11 17:00:56.742] INFO   [0m [command.cpp:2207] barrier_readwrite: direct recording applied memory barrier to buffer 0x15a8c2170
[32m[2025-11-11 17:00:56.742] INFO   [0m [command.cpp:2207] barrier_readwrite: direct recording applied memory barrier to buffer 0x15a8c2170
[32m[2025-11-11 17:00:56.742] INFO   [0m [command.cpp:1360] record_pipeline: direct recording bind pipeline completed, pipeline=0x1597179c0 buffers=3 images=0 constants=3 dispatcher=4x64x0
[32m[2025-11-11 17:00:56.742] INFO   [0m [command.cpp:1537] record_pipeline: direct recording updated 3 descriptor bindings
[32m[2025-11-11 17:00:56.742] INFO   [0m [command.cpp:1564] record_pipeline: direct recording pushed 3 push constants
[32m[2025-11-11 17:00:56.742] INFO   [0m [command.cpp:1591] record_pipeline: direct recording completed successfully, pipeline=0x15a90c3f0 buffers=3 images=0 constants=3 dispatcher=4x64x36
[32m[2025-11-11 17:00:56.742] INFO   [0m [command.cpp:2207] barrier_readwrite: direct recording applied memory barrier to buffer 0x15a8c2170
[32m[2025-11-11 17:00:56.742] INFO   [0m [command.cpp:2207] barrier_readwrite: direct recording applied memory barrier to buffer 0x15a8c2170
[32m[2025-11-11 17:00:56.742] INFO   [0m [command.cpp:1360] record_pipeline: direct recording bind pipeline completed, pipeline=0x15a8b5000 buffers=3 images=0 constants=6 dispatcher=4x4x0
[32m[2025-11-11 17:00:56.742] INFO   [0m [command.cpp:1537] record_pipeline: direct recording updated 3 descriptor bindings
[32m[2025-11-11 17:00:56.742] INFO   [0m [command.cpp:1564] record_pipeline: direct recording pushed 6 push constants
[32m[2025-11-11 17:00:56.742] INFO   [0m [command.cpp:1591] record_pipeline: direct recording completed successfully, pipeline=0x15a90c150 buffers=3 images=0 constants=6 dispatcher=4x4x64
[32m[2025-11-11 17:00:56.742] INFO   [0m [command.cpp:2207] barrier_readwrite: direct recording applied memory barrier to buffer 0x15a8c2170
[32m[2025-11-11 17:00:56.742] INFO   [0m [command.cpp:1360] record_pipeline: direct recording bind pipeline completed, pipeline=0x13b83fee0 buffers=1 images=0 constants=1 dispatcher=12544x1x0
[32m[2025-11-11 17:00:56.742] INFO   [0m [command.cpp:1537] record_pipeline: direct recording updated 1 descriptor bindings
[32m[2025-11-11 17:00:56.742] INFO   [0m [command.cpp:1564] record_pipeline: direct recording pushed 1 push constants
[32m[2025-11-11 17:00:56.742] INFO   [0m [command.cpp:1591] record_pipeline: direct recording completed successfully, pipeline=0x15a90c100 buffers=1 images=0 constants=1 dispatcher=12544x1x1
[32m[2025-11-11 17:00:56.742] INFO   [0m [command.cpp:2207] barrier_readwrite: direct recording applied memory barrier to buffer 0x15a8c2170
[32m[2025-11-11 17:00:56.742] INFO   [0m [command.cpp:2207] barrier_readwrite: direct recording applied memory barrier to buffer 0x15a8c2170
[32m[2025-11-11 17:00:56.742] INFO   [0m [command.cpp:1360] record_pipeline: direct recording bind pipeline completed, pipeline=0x15a89e050 buffers=2 images=0 constants=13 dispatcher=14x14x1
[32m[2025-11-11 17:00:56.742] INFO   [0m [command.cpp:1537] record_pipeline: direct recording updated 2 descriptor bindings
[32m[2025-11-11 17:00:56.742] INFO   [0m [command.cpp:1564] record_pipeline: direct recording pushed 13 push constants
[32m[2025-11-11 17:00:56.742] INFO   [0m [command.cpp:1591] record_pipeline: direct recording completed successfully, pipeline=0x15a90c990 buffers=2 images=0 constants=13 dispatcher=14x14x64
[32m[2025-11-11 17:00:56.742] INFO   [0m [command.cpp:2207] barrier_readwrite: direct recording applied memory barrier to buffer 0x15a8c2170
[32m[2025-11-11 17:00:56.742] INFO   [0m [command.cpp:2207] barrier_readwrite: direct recording applied memory barrier to buffer 0x15a8c2170
[32m[2025-11-11 17:00:56.742] INFO   [0m [command.cpp:1360] record_pipeline: direct recording bind pipeline completed, pipeline=0x15a89e050 buffers=2 images=0 constants=13 dispatcher=14x14x1
[32m[2025-11-11 17:00:56.742] INFO   [0m [command.cpp:1537] record_pipeline: direct recording updated 2 descriptor bindings
[32m[2025-11-11 17:00:56.742] INFO   [0m [command.cpp:1564] record_pipeline: direct recording pushed 13 push constants
[32m[2025-11-11 17:00:56.742] INFO   [0m [command.cpp:1591] record_pipeline: direct recording completed successfully, pipeline=0x15a90ca50 buffers=2 images=0 constants=13 dispatcher=14x14x64
[32m[2025-11-11 17:00:56.742] INFO   [0m [command.cpp:2207] barrier_readwrite: direct recording applied memory barrier to buffer 0x15a8c2170
[32m[2025-11-11 17:00:56.742] INFO   [0m [command.cpp:2207] barrier_readwrite: direct recording applied memory barrier to buffer 0x15a8c2170
[32m[2025-11-11 17:00:56.742] INFO   [0m [command.cpp:2207] barrier_readwrite: direct recording applied memory barrier to buffer 0x15968be30
[32m[2025-11-11 17:00:56.742] INFO   [0m [command.cpp:1360] record_pipeline: direct recording bind pipeline completed, pipeline=0x15a904a20 buffers=3 images=0 constants=13 dispatcher=16x16x1
[32m[2025-11-11 17:00:56.742] INFO   [0m [command.cpp:1537] record_pipeline: direct recording updated 3 descriptor bindings
[32m[2025-11-11 17:00:56.742] INFO   [0m [command.cpp:1564] record_pipeline: direct recording pushed 13 push constants
[32m[2025-11-11 17:00:56.742] INFO   [0m [command.cpp:1591] record_pipeline: direct recording completed successfully, pipeline=0x15a8b7690 buffers=3 images=0 constants=13 dispatcher=16x16x128
[32m[2025-11-11 17:00:56.742] INFO   [0m [command.cpp:2207] barrier_readwrite: direct recording applied memory barrier to buffer 0x15a8c2170
[32m[2025-11-11 17:00:56.742] INFO   [0m [command.cpp:2207] barrier_readwrite: direct recording applied memory barrier to buffer 0x15a8c2170
[32m[2025-11-11 17:00:56.742] INFO   [0m [command.cpp:1360] record_pipeline: direct recording bind pipeline completed, pipeline=0x15a83aa70 buffers=4 images=0 constants=8 dispatcher=64x250x0
[32m[2025-11-11 17:00:56.742] INFO   [0m [command.cpp:1537] record_pipeline: direct recording updated 4 descriptor bindings
[32m[2025-11-11 17:00:56.742] INFO   [0m [command.cpp:1564] record_pipeline: direct recording pushed 8 push constants
[32m[2025-11-11 17:00:56.742] INFO   [0m [command.cpp:1591] record_pipeline: direct recording completed successfully, pipeline=0x15a8b7120 buffers=4 images=0 constants=8 dispatcher=64x250x1
[32m[2025-11-11 17:00:56.742] INFO   [0m [command.cpp:2207] barrier_readwrite: direct recording applied memory barrier to buffer 0x15a8c2170
[32m[2025-11-11 17:00:56.742] INFO   [0m [command.cpp:1360] record_pipeline: direct recording bind pipeline completed, pipeline=0x13b83fee0 buffers=1 images=0 constants=1 dispatcher=64000x1x0
[32m[2025-11-11 17:00:56.742] INFO   [0m [command.cpp:1537] record_pipeline: direct recording updated 1 descriptor bindings
[32m[2025-11-11 17:00:56.742] INFO   [0m [command.cpp:1564] record_pipeline: direct recording pushed 1 push constants
[32m[2025-11-11 17:00:56.742] INFO   [0m [command.cpp:1591] record_pipeline: direct recording completed successfully, pipeline=0x15a8b7830 buffers=1 images=0 constants=1 dispatcher=64000x1x1
[32m[2025-11-11 17:00:56.742] INFO   [0m [command.cpp:2207] barrier_readwrite: direct recording applied memory barrier to buffer 0x15a8c2170
[32m[2025-11-11 17:00:56.742] INFO   [0m [command.cpp:2207] barrier_readwrite: direct recording applied memory barrier to buffer 0x15a8c2170
[32m[2025-11-11 17:00:56.742] INFO   [0m [command.cpp:1360] record_pipeline: direct recording bind pipeline completed, pipeline=0x15a8bb040 buffers=2 images=0 constants=6 dispatcher=32x1x0
[32m[2025-11-11 17:00:56.742] INFO   [0m [command.cpp:1537] record_pipeline: direct recording updated 2 descriptor bindings
[32m[2025-11-11 17:00:56.742] INFO   [0m [command.cpp:1564] record_pipeline: direct recording pushed 6 push constants
[32m[2025-11-11 17:00:56.742] INFO   [0m [command.cpp:1591] record_pipeline: direct recording completed successfully, pipeline=0x15a8b9690 buffers=2 images=0 constants=6 dispatcher=32x1x250
[32m[2025-11-11 17:00:56.742] INFO   [0m [command.cpp:2207] barrier_readwrite: direct recording applied memory barrier to buffer 0x15a8c2170
[32m[2025-11-11 17:00:56.742] INFO   [0m [command.cpp:2207] barrier_readwrite: direct recording applied memory barrier to buffer 0x15a8c2170
[32m[2025-11-11 17:00:56.742] INFO   [0m [command.cpp:1360] record_pipeline: direct recording bind pipeline completed, pipeline=0x15971c610 buffers=2 images=0 constants=4 dispatcher=1x1x0
[32m[2025-11-11 17:00:56.742] INFO   [0m [command.cpp:1537] record_pipeline: direct recording updated 2 descriptor bindings
[32m[2025-11-11 17:00:56.742] INFO   [0m [command.cpp:1564] record_pipeline: direct recording pushed 4 push constants
[32m[2025-11-11 17:00:56.742] INFO   [0m [command.cpp:1591] record_pipeline: direct recording completed successfully, pipeline=0x15971bfc0 buffers=2 images=0 constants=4 dispatcher=1x1x250
[32m[2025-11-11 17:00:56.743] INFO   [0m [command.cpp:2207] barrier_readwrite: direct recording applied memory barrier to buffer 0x15a8c2170
[32m[2025-11-11 17:00:56.743] INFO   [0m [command.cpp:2207] barrier_readwrite: direct recording applied memory barrier to buffer 0x15a8c2170
[32m[2025-11-11 17:00:56.743] INFO   [0m [command.cpp:1360] record_pipeline: direct recording bind pipeline completed, pipeline=0x15a8bdd60 buffers=2 images=0 constants=12 dispatcher=1x1x1
[32m[2025-11-11 17:00:56.743] INFO   [0m [command.cpp:1537] record_pipeline: direct recording updated 2 descriptor bindings
[32m[2025-11-11 17:00:56.743] INFO   [0m [command.cpp:1564] record_pipeline: direct recording pushed 12 push constants
[32m[2025-11-11 17:00:56.743] INFO   [0m [command.cpp:1591] record_pipeline: direct recording completed successfully, pipeline=0x15a8bcd00 buffers=2 images=0 constants=12 dispatcher=1x1x1
[32m[2025-11-11 17:00:56.743] INFO   [0m [command.cpp:2207] barrier_readwrite: direct recording applied memory barrier to buffer 0x15a8c2170
[32m[2025-11-11 17:00:56.743] INFO   [0m [command.cpp:2207] barrier_readwrite: direct recording applied memory barrier to buffer 0x15a8c2170
[32m[2025-11-11 17:00:56.743] INFO   [0m [command.cpp:1360] record_pipeline: direct recording bind pipeline completed, pipeline=0x13b82f820 buffers=2 images=0 constants=12 dispatcher=250x1x1
[32m[2025-11-11 17:00:56.743] INFO   [0m [command.cpp:1537] record_pipeline: direct recording updated 2 descriptor bindings
[32m[2025-11-11 17:00:56.743] INFO   [0m [command.cpp:1564] record_pipeline: direct recording pushed 12 push constants
[32m[2025-11-11 17:00:56.743] INFO   [0m [command.cpp:1591] record_pipeline: direct recording completed successfully, pipeline=0x13b82e6c0 buffers=2 images=0 constants=12 dispatcher=250x1x1
[32m[2025-11-11 17:00:56.743] INFO   [0m [command.cpp:2207] barrier_readwrite: direct recording applied memory barrier to buffer 0x15a8c2170
[32m[2025-11-11 17:00:56.743] INFO   [0m [command.cpp:2207] barrier_readwrite: direct recording applied memory barrier to buffer 0x15a8c2170
[32m[2025-11-11 17:00:56.743] INFO   [0m [command.cpp:1360] record_pipeline: direct recording bind pipeline completed, pipeline=0x15a90e050 buffers=2 images=0 constants=12 dispatcher=1x1x1
[32m[2025-11-11 17:00:56.743] INFO   [0m [command.cpp:1537] record_pipeline: direct recording updated 2 descriptor bindings
[32m[2025-11-11 17:00:56.743] INFO   [0m [command.cpp:1564] record_pipeline: direct recording pushed 12 push constants
[32m[2025-11-11 17:00:56.743] INFO   [0m [command.cpp:1591] record_pipeline: direct recording completed successfully, pipeline=0x15a8bcd30 buffers=2 images=0 constants=12 dispatcher=1x1x1
[32m[2025-11-11 17:00:56.743] INFO   [0m [command.cpp:2207] barrier_readwrite: direct recording applied memory barrier to buffer 0x15a8c2170
[32m[2025-11-11 17:00:56.743] INFO   [0m [command.cpp:2207] barrier_readwrite: direct recording applied memory barrier to buffer 0x15a8c2170
[32m[2025-11-11 17:00:56.743] INFO   [0m [command.cpp:1360] record_pipeline: direct recording bind pipeline completed, pipeline=0x159720c20 buffers=2 images=0 constants=12 dispatcher=250x1x1
[32m[2025-11-11 17:00:56.743] INFO   [0m [command.cpp:1537] record_pipeline: direct recording updated 2 descriptor bindings
[32m[2025-11-11 17:00:56.743] INFO   [0m [command.cpp:1564] record_pipeline: direct recording pushed 12 push constants
[32m[2025-11-11 17:00:56.743] INFO   [0m [command.cpp:1591] record_pipeline: direct recording completed successfully, pipeline=0x13b82eb70 buffers=2 images=0 constants=12 dispatcher=250x1x1
[32m[2025-11-11 17:00:56.743] INFO   [0m [command.cpp:422] record_download: downloading buffer data from VkCompute
[32m[2025-11-11 17:00:56.759] INFO   [0m [command.cpp:2207] barrier_readwrite: direct recording applied memory barrier to buffer 0x15a8c2170
[32m[2025-11-11 17:00:56.759] INFO   [0m [command.cpp:2207] barrier_readwrite: direct recording applied memory barrier to buffer 0x15a8c2170
[32m[2025-11-11 17:00:56.759] INFO   [0m [command.cpp:2207] barrier_readwrite: direct recording applied memory barrier to buffer 0x15a8c2170
[32m[2025-11-11 17:00:56.759] INFO   [0m [command.cpp:2207] barrier_readwrite: direct recording applied memory barrier to buffer 0x15a8c2170
[32m[2025-11-11 17:00:56.759] INFO   [0m [command.cpp:1360] record_pipeline: direct recording bind pipeline completed, pipeline=0x15a8453a0 buffers=4 images=0 constants=3 dispatcher=250x1x0
[32m[2025-11-11 17:00:56.759] INFO   [0m [command.cpp:1537] record_pipeline: direct recording updated 4 descriptor bindings
[32m[2025-11-11 17:00:56.759] INFO   [0m [command.cpp:1564] record_pipeline: direct recording pushed 3 push constants
[32m[2025-11-11 17:00:56.759] INFO   [0m [command.cpp:1591] record_pipeline: direct recording completed successfully, pipeline=0x15a8442f0 buffers=4 images=0 constants=3 dispatcher=250x1x1
[32m[2025-11-11 17:00:56.759] INFO   [0m [command.cpp:491] record_download: direct recording completed, src_stage=2048 dst_stage=16384
[32m[2025-11-11 17:00:56.760] INFO   [0m [command.cpp:1989] submit_and_wait: Vulkan command submitted successfully
